 dynamorio

 Timestamp is 627e108c (Fri May 13 16:02:20 2022)

 Preferred load address is 71000000

 Start         Length     Name                   Class
 0001:00000000 000b2e51H .text$mn                CODE
 0002:00000000 00000210H .idata$5                DATA
 0002:00000210 0005f740H .rdata                  DATA
 0002:0005f950 00006920H .edata                  DATA
 0002:00066270 00000f24H .rdata$voltmd           DATA
 0002:00067194 000001d0H .rdata$zzzdbg           DATA
 0002:00067364 00000014H .idata$2                DATA
 0002:00067378 00000014H .idata$3                DATA
 0002:0006738c 00000210H .idata$4                DATA
 0002:0006759c 000009caH .idata$6                DATA
 0003:00000000 0000d000H .data                   DATA
 0003:0000d000 00030be8H .bss                    DATA
 0004:00000000 000008e6H .fspdata                DATA
 0005:00000000 00000204H .cspdata                DATA
 0006:00000000 00004a14H .nspdata                DATA
 0007:00000000 000000f0H .rsrc$01                DATA
 0007:000000f0 00003bd8H .rsrc$02                DATA

  Address         Publics by Value              Rva+Base       Lib:Object

 0000:00000000       ___guard_fids_count        00000000     <absolute>
 0000:00000000       ___arm64x_native_entrypoint 00000000     <absolute>
 0000:00000000       ___guard_eh_cont_table     00000000     <absolute>
 0000:00000000       ___guard_longjmp_table     00000000     <absolute>
 0000:00000000       ___AbsoluteZero            00000000     <absolute>
 0000:00000000       ___guard_iat_count         00000000     <absolute>
 0000:00000000       ___arm64x_extra_rfe_table  00000000     <absolute>
 0000:00000000       ___arm64x_redirection_metadata 00000000     <absolute>
 0000:00000000       ___guard_eh_cont_count     00000000     <absolute>
 0000:00000000       ___x64_code_ranges_to_entry_points_count 00000000     <absolute>
 0000:00000000       ___guard_iat_table         00000000     <absolute>
 0000:00000000       ___hybrid_code_map_count   00000000     <absolute>
 0000:00000000       ___safe_se_handler_table   00000000     <absolute>
 0000:00000000       ___x64_code_ranges_to_entry_points 00000000     <absolute>
 0000:00000000       ___dynamic_value_reloc_table 00000000     <absolute>
 0000:00000000       ___hybrid_auxiliary_iat    00000000     <absolute>
 0000:00000000       ___safe_se_handler_count   00000000     <absolute>
 0000:00000000       ___guard_longjmp_count     00000000     <absolute>
 0000:00000000       ___hybrid_code_map         00000000     <absolute>
 0000:00000000       ___guard_check_icall_a64n_fptr 00000000     <absolute>
 0000:00000000       ___arm64x_redirection_metadata_count 00000000     <absolute>
 0000:00000000       ___arm64x_extra_rfe_table_size 00000000     <absolute>
 0000:00000000       ___hybrid_auxiliary_iat_copy 00000000     <absolute>
 0000:00000000       ___enclave_config          00000000     <absolute>
 0000:00000000       ___guard_fids_table        00000000     <absolute>
 0000:00000100       ___guard_flags             00000100     <absolute>
 0001:00000250       _check_list_default_and_append 71001250 f   options.obj
 0001:00000cd0       _check_param_bounds        71001cd0 f   options.obj
 0001:00000d10       _d_r_parse_word            71001d10 f   options.obj
 0001:00000de0       _dr_get_integer_option     71001de0 f   options.obj
 0001:00000e80       _dr_get_string_option      71001e80 f   options.obj
 0001:00000f30       _get_dynamo_options_string 71001f30 f   options.obj
 0001:00000fe0       _get_pcache_dynamo_options_string 71001fe0 f   options.obj
 0001:000010a0       _get_process_options       710020a0 f   options.obj
 0001:00001250       _has_pcache_dynamo_options 71002250 f   options.obj
 0001:00001320       _os_normalized_sysnum      71002320 f i syscall.obj
 0001:00001320       _instr_from_noalloc        71002320 f i options.obj
 0001:00001330       _instr_get_next            71002330 f i options.obj
 0001:00001340       _instr_get_next_app        71002340 f i options.obj
 0001:00001370       _instr_get_note            71002370 f i options.obj
 0001:00001380       _instr_get_prev            71002380 f i options.obj
 0001:00001390       _instr_get_prev_app        71002390 f i options.obj
 0001:000013c0       _instr_has_allocated_bits  710023c0 f i options.obj
 0001:000013d0       _instr_ok_to_mangle        710023d0 f i options.obj
 0001:000013d0       _instr_is_app              710023d0 f i options.obj
 0001:000013f0       _instr_is_meta             710023f0 f i options.obj
 0001:00001400       _instr_needs_encoding      71002400 f i options.obj
 0001:00001420       _instr_num_dsts            71002420 f i options.obj
 0001:00001440       _instr_num_srcs            71002440 f i options.obj
 0001:00001460       _instr_ok_to_emit          71002460 f i options.obj
 0001:00001480       _instr_operands_valid      71002480 f i options.obj
 0001:00001490       _instr_raw_bits_valid      71002490 f i options.obj
 0001:000014a0       _instr_set_next            710024a0 f i options.obj
 0001:000014b0       _instr_set_note            710024b0 f i options.obj
 0001:000014c0       _instr_set_prev            710024c0 f i options.obj
 0001:000014d0       _shared_library_error      710024d0 f i os.obj
 0001:000014d0       _opnd_create_null          710024d0 f i options.obj
 0001:000014e0       _opnd_create_pc            710024e0 f i options.obj
 0001:00001500       _opnd_create_reg           71002500 f i options.obj
 0001:00001520       _opnd_create_reg_ex        71002520 f i options.obj
 0001:00001560       _opnd_create_reg_partial   71002560 f i options.obj
 0001:00001580       _opnd_is_far_memory_reference 71002580 f i opnd_shared.obj
 0001:00001580       _opnd_is_far_base_disp     71002580 f i options.obj
 0001:000015a0       _opnd_is_immed             710025a0 f i options.obj
 0001:000015c0       _opnd_is_instr             710025c0 f i options.obj
 0001:000015e0       _opnd_is_near_base_disp    710025e0 f i options.obj
 0001:00001600       _opnd_is_pc                71002600 f i options.obj
 0001:00001620       _options_detach            71002620 f   options.obj
 0001:00001660       _options_exit              71002660 f   options.obj
 0001:00001670       _options_init              71002670 f   options.obj
 0001:000016d0       _options_make_writable     710026d0 f   options.obj
 0001:00001700       _options_restore_readonly  71002700 f   options.obj
 0001:00002940       _synchronize_dynamic_options 71003940 f   options.obj
 0001:00002be0       _create_callback_dcontext  71003be0 f   dynamo.obj
 0001:00002d80       _create_new_dynamo_context 71003d80 f   dynamo.obj
 0001:00002e50       _d_r_get_num_threads       71003e50 f   dynamo.obj
 0001:00002f10       _dr_app_cleanup            71003f10 f   dynamo.obj
 0001:00003010       _dr_app_setup              71004010 f   dynamo.obj
 0001:000030b0       _dr_app_setup_and_start    710040b0 f   dynamo.obj
 0001:000030d0       _dr_app_start_helper       710040d0 f   dynamo.obj
 0001:00003110       _native_module_unhook      71004110 f   native_pe.obj
 0001:00003110       _os_delete_memory_file     71004110 f   os.obj
 0001:00003110       _instrument_thread_exit    71004110 f   instrument.obj
 0001:00003110       _instrlist_set_auto_predicate 71004110 f   instrlist.obj
 0001:00003110       _check_for_run_once        71004110 f   inject_shared.obj
 0001:00003110       _mangle_arch_init          71004110 f   mangle.obj
 0001:00003110       _d_r_monitor_init          71004110 f   monitor.obj
 0001:00003110       _os_tls_exit               71004110 f   os.obj
 0001:00003110       _all_memory_areas_lock     71004110 f   os.obj
 0001:00003110       _monitor_thread_reset_init 71004110 f   monitor.obj
 0001:00003110       _synch_init                71004110 f   synch.obj
 0001:00003110       _loader_allow_unsafe_static_behavior 71004110 f   loader_shared.obj
 0001:00003110       _native_module_exit        71004110 f   native_pe.obj
 0001:00003110       _kernel32_redir_exit_proc  71004110 f   kernel32_proc.obj
 0001:00003110       _all_memory_areas_unlock   71004110 f   os.obj
 0001:00003110       _os_tls_init               71004110 f   os.obj
 0001:00003110       _loader_pre_client_thread_exit 71004110 f   loader.obj
 0001:00003110       _aslr_thread_exit          71004110 f   aslr.obj
 0001:00003110       _os_thread_init_finalize   71004110 f   os.obj
 0001:00003110       _update_all_memory_areas   71004110 f   os.obj
 0001:00003110       _dr_app_stop               71004110 f   dynamo.obj
 0001:00003110       _callback_init             71004110 f   callback.obj
 0001:00003110       _d_r_logopnd               71004110 f   instr_shared.obj
 0001:00003110       _unpatch_stub              71004110 f   emit_utils.obj
 0001:00003110       _dr_request_synchronized_exit 71004110 f   instrument.obj
 0001:00003110       _machine_cache_sync        71004110 f   proc.obj
 0001:00003110       _advapi32_redir_onload     71004110 f   advapi32_redir.obj
 0001:00003110       _dr_log                    71004110 f   instrument.obj
 0001:00003110       _proc_set_num_simd_saved   71004110 f   proc.obj
 0001:00003110       _perscache_slow_exit       71004110 f   perscache.obj
 0001:00003110       _native_module_init        71004110 f   native_pe.obj
 0001:00003110       _patch_stub                71004110 f   emit_utils.obj
 0001:00003110       _os_process_under_dynamorio_complete 71004110 f   os.obj
 0001:00003110       _d_r_mutex_mark_as_app     71004110 f   utils.obj
 0001:00003110       _rpcrt4_redir_onload       71004110 f   rpcrt4_redir.obj
 0001:00003110       _d_r_internal_error        71004110 f   drlibc:drlibc_notdr_error.obj
 0001:00003110       _d_r_loginst               71004110 f   instr_shared.obj
 0001:00003110       _aslr_thread_init          71004110 f   aslr.obj
 0001:00003110       _native_module_hook        71004110 f   native_pe.obj
 0001:00003120       _dr_app_stop_and_cleanup   71004120 f   dynamo.obj
 0001:00003130       _dr_app_stop_and_cleanup_with_stats 71004130 f   dynamo.obj
 0001:00003170       _dynamo_exit_post_detach   71004170 f   dynamo.obj
 0001:000031d0       _dynamo_other_thread_exit  710041d0 f   dynamo.obj
 0001:000034e0       _dynamo_process_exit       710044e0 f   dynamo.obj
 0001:00003870       _dynamo_process_exit_with_thread_info 71004870 f   dynamo.obj
 0001:00003880       _dynamo_shared_exit        71004880 f   dynamo.obj
 0001:00003df0       _dynamo_thread_exit        71004df0 f   dynamo.obj
 0001:000040e0       _dynamo_thread_exit_pre_client 710050e0 f   dynamo.obj
 0001:00004110       _dynamo_thread_init        71005110 f   dynamo.obj
 0001:000046b0       _dynamo_thread_not_under_dynamo 710056b0 f   dynamo.obj
 0001:000046d0       _dynamo_thread_stack_free_and_exit 710056d0 f   dynamo.obj
 0001:00004710       _dynamo_thread_under_dynamo 71005710 f   dynamo.obj
 0001:00004730       _dynamorio_app_exit        71005730 f   dynamo.obj
 0001:00004740       _dynamorio_app_init        71005740 f   dynamo.obj
 0001:00004820       _dynamorio_app_init_and_early_takeover 71005820 f   dynamo.obj
 0001:00004850       _dynamorio_app_init_part_two_finalize 71005850 f   dynamo.obj
 0001:00004bd0       _dynamorio_app_take_over_helper 71005bd0 f   dynamo.obj
 0001:00004d60       _dynamorio_earliest_init_takeover_C 71005d60 f   dynamo.obj
 0001:00004f20       _dynamorio_take_over_threads 71005f20 f   dynamo.obj
 0001:00005100       _entering_dynamorio        71006100 f   dynamo.obj
 0001:00005290       _exiting_dynamorio         71006290 f   dynamo.obj
 0001:00005440       _get_dr_stats              71006440 f   dynamo.obj
 0001:00005450       _get_list_of_threads       71006450 f   dynamo.obj
 0001:000054e0       _get_thread_num            710064e0 f   dynamo.obj
 0001:00005500       _initialize_dynamo_context 71006500 f   dynamo.obj
 0001:000055e0       _is_currently_on_dstack    710065e0 f   dynamo.obj
 0001:00005610       _is_last_app_thread        71006610 f   dynamo.obj
 0001:00005620       _is_on_dstack              71006620 f   dynamo.obj
 0001:00005650       _is_on_initstack           71006650 f   dynamo.obj
 0001:00005680       _is_thread_initialized     71006680 f   dynamo.obj
 0001:00005690       _is_thread_known           71006690 f   dynamo.obj
 0001:000056b0       _pre_second_thread         710066b0 f   dynamo.obj
 0001:00005790       _protect_data_section      71006790 f   dynamo.obj
 0001:000058e0       _remove_thread             710068e0 f   dynamo.obj
 0001:00005980       _standalone_exit           71006980 f   dynamo.obj
 0001:000059f0       _standalone_init           710069f0 f   dynamo.obj
 0001:00006280       _thread_lookup             71007280 f   dynamo.obj
 0001:00006510       _coarse_is_trace_head_in_own_unit 71007510 f   fragment.obj
 0001:000068b0       _enter_couldbelinking      710078b0 f   fragment.obj
 0001:00006960       _enter_nolinking           71007960 f   fragment.obj
 0001:00006af0       _enter_threadexit          71007af0 f   fragment.obj
 0001:00006b60       _flush_fragments_and_remove_region 71007b60 f   fragment.obj
 0001:00006ba0       _flush_fragments_end_synch 71007ba0 f   fragment.obj
 0001:00006ec0       _flush_fragments_from_region 71007ec0 f   fragment.obj
 0001:00006f00       _flush_fragments_in_region_finish 71007f00 f   fragment.obj
 0001:000070d0       _flush_fragments_in_region_start 710080d0 f   fragment.obj
 0001:000073e0       _flush_fragments_synch_unlink_priv 710083e0 f   fragment.obj
 0001:000079f0       _flush_fragments_unlink_shared 710089f0 f   fragment.obj
 0001:00007ac0       _flush_invalidate_ibl_shared_target 71008ac0 f   fragment.obj
 0001:00007b40       _fragment_add              71008b40 f   fragment.obj
 0001:00007be0       _fragment_add_ibl_target   71008be0 f   fragment.obj
 0001:00007eb0       _fragment_body_end_pc      71008eb0 f   fragment.obj
 0001:00008020       _fragment_coarse_add       71009020 f   fragment.obj
 0001:00008070       _fragment_coarse_create_entry_pclookup_table 71009070 f   fragment.obj
 0001:000083c0       _fragment_coarse_entry_pclookup 710093c0 f   fragment.obj
 0001:00008750       _fragment_coarse_free_entry_pclookup_table 71009750 f   fragment.obj
 0001:00008780       _fragment_coarse_htable_create 71009780 f   fragment.obj
 0001:00008910       _fragment_coarse_htable_free 71009910 f   fragment.obj
 0001:00008980       _fragment_coarse_htable_merge 71009980 f   fragment.obj
 0001:00008c90       _fragment_coarse_htable_persist 71009c90 f   fragment.obj
 0001:00008ce0       _fragment_coarse_htable_persist_size 71009ce0 f   fragment.obj
 0001:00008d10       _fragment_coarse_htable_resurrect 71009d10 f   fragment.obj
 0001:00008de0       _fragment_coarse_lookup    71009de0 f   fragment.obj
 0001:00008ff0       _fragment_coarse_lookup_in_unit 71009ff0 f   fragment.obj
 0001:000090c0       _fragment_coarse_lookup_wrapper 7100a0c0 f   fragment.obj
 0001:00009120       _fragment_coarse_num_entries 7100a120 f   fragment.obj
 0001:00009140       _fragment_coarse_pclookup  7100a140 f   fragment.obj
 0001:000096b0       _fragment_coarse_replace   7100a6b0 f   fragment.obj
 0001:00009790       _fragment_coarse_th_add    7100a790 f   fragment.obj
 0001:00009830       _fragment_coarse_th_unlink_and_add 7100a830 f   fragment.obj
 0001:000098c0       _fragment_coarse_unit_freeze 7100a8c0 f   fragment.obj
 0001:00009ac0       _fragment_coarse_wrapper   7100aac0 f   fragment.obj
 0001:00009b10       _fragment_copy_data_fields 7100ab10 f   fragment.obj
 0001:00009b80       _fragment_create           7100ab80 f   fragment.obj
 0001:00009cb0       _fragment_create_and_add_future 7100acb0 f   fragment.obj
 0001:00009e30       _fragment_delete           7100ae30 f   fragment.obj
 0001:0000a030       _fragment_delete_future    7100b030 f   fragment.obj
 0001:0000a1e0       _fragment_exit             7100b1e0 f   fragment.obj
 0001:0000a470       _fragment_exit_post_sideline 7100b470 f   fragment.obj
 0001:0000a480       _fragment_free             7100b480 f   fragment.obj
 0001:0000a650       _fragment_get_fragment_delete_mutex 7100b650 f   fragment.obj
 0001:0000a680       _fragment_init             7100b680 f   fragment.obj
 0001:0000a860       _fragment_initialized      7100b860 f   fragment.obj
 0001:0000a880       _fragment_lookup           7100b880 f   fragment.obj
 0001:0000a980       _fragment_lookup_bb        7100b980 f   fragment.obj
 0001:0000aa00       _fragment_lookup_fine_and_coarse 7100ba00 f   fragment.obj
 0001:0000ab70       _fragment_lookup_fine_and_coarse_sharing 7100bb70 f   fragment.obj
 0001:0000ac20       _fragment_lookup_future    7100bc20 f   fragment.obj
 0001:0000acf0       _fragment_lookup_private_future 7100bcf0 f   fragment.obj
 0001:0000ad20       _fragment_lookup_same_sharing 7100bd20 f   fragment.obj
 0001:0000ad40       _fragment_lookup_shared_bb 7100bd40 f   fragment.obj
 0001:0000ad90       _fragment_lookup_trace     7100bd90 f   fragment.obj
 0001:0000af50       _fragment_output           7100bf50 f   fragment.obj
 0001:0000afd0       _fragment_overlaps         7100bfd0 f   fragment.obj
 0001:0000b090       _fragment_pclookup         7100c090 f   fragment.obj
 0001:0000b0a0       _fragment_pclookup_with_linkstubs 7100c0a0 f   fragment.obj
 0001:0000b0f0       _fragment_prepare_for_removal 7100c0f0 f   fragment.obj
 0001:0000b300       _fragment_record_translation_info 7100c300 f   fragment.obj
 0001:0000b390       _fragment_recreate_with_linkstubs 7100c390 f   fragment.obj
 0001:0000b560       _fragment_release_fragment_delete_mutex 7100c560 f   fragment.obj
 0001:0000b590       _fragment_remove           7100c590 f   fragment.obj
 0001:0000b6b0       _fragment_remove_all_ibl_in_region 7100c6b0 f   fragment.obj
 0001:0000b730       _fragment_remove_from_ibt_tables 7100c730 f   fragment.obj
 0001:0000ba30       _fragment_remove_shared_no_flush 7100ca30 f   fragment.obj
 0001:0000bb50       _fragment_replace          7100cb50 f   fragment.obj
 0001:0000bd50       _fragment_reset_free       7100cd50 f   fragment.obj
 0001:0000bf60       _fragment_reset_init       7100cf60 f   fragment.obj
 0001:0000c1c0       _fragment_self_write       7100d1c0 f   fragment.obj
 0001:0000c250       _fragment_shift_fcache_pointers 7100d250 f   fragment.obj
 0001:0000c440       _fragment_stubs_end_pc     7100d440 f   fragment.obj
 0001:0000c470       _fragment_thread_exit      7100d470 f   fragment.obj
 0001:0000c5f0       _fragment_thread_exited    7100d5f0 f   fragment.obj
 0001:0000c620       _fragment_thread_init      7100d620 f   fragment.obj
 0001:0000c720       _fragment_thread_reset_free 7100d720 f   fragment.obj
 0001:0000c780       _fragment_thread_reset_init 7100d780 f   fragment.obj
 0001:0000cb40       _fragment_unlink_for_deletion 7100db40 f   fragment.obj
 0001:0000cbc0       _fragment_update_ibl_tables 7100dbc0 f   fragment.obj
 0001:0000cbe0       _get_at_syscall            7100dbe0 f   fragment.obj
 0001:0000cc00       _get_flushtime_last_update 7100dc00 f   fragment.obj
 0001:0000cc20       _get_fragment_coarse_info  7100dc20 f   fragment.obj
 0001:0000ec30       _increment_global_flushtime 7100fc30 f   fragment.obj
 0001:0000eca0       _invalidate_code_cache     7100fca0 f   fragment.obj
 0001:0000ecd0       _is_couldbelinking         7100fcd0 f   fragment.obj
 0001:0000ed00       _is_self_allsynch_flushing 7100fd00 f   fragment.obj
 0001:0000ed20       _is_self_couldbelinking    7100fd20 f   fragment.obj
 0001:0000ed50       _is_self_flushing          7100fd50 f   fragment.obj
 0001:0000f660       _set_at_syscall            71010660 f   fragment.obj
 0001:0000f680       _set_flushtime_last_update 71010680 f   fragment.obj
 0001:000103d0       _coarse_frozen_cache_size  710113d0 f   fcache.obj
 0001:00010480       _fcache_add_fragment       71011480 f   fcache.obj
 0001:00010ca0       _fcache_change_fragment_protection 71011ca0 f   fcache.obj
 0001:00010d30       _fcache_check_option_compatibility 71011d30 f   fcache.obj
 0001:00011200       _fcache_coarse_cache_delete 71012200 f   fcache.obj
 0001:00011230       _fcache_coarse_init_frozen 71012230 f   fcache.obj
 0001:00011280       _fcache_coarse_set_info    71012280 f   fcache.obj
 0001:000115d0       _fcache_exit               710125d0 f   fcache.obj
 0001:00011660       _fcache_flush_pending_units 71012660 f   fcache.obj
 0001:00011a70       _fcache_fragment_pclookup  71012a70 f   fcache.obj
 0001:00011bd0       _fcache_free_pending_units 71012bd0 f   fcache.obj
 0001:00012490       _fcache_init               71013490 f   fcache.obj
 0001:00012570       _fcache_is_flush_pending   71013570 f   fcache.obj
 0001:00012590       _fcache_is_writable        71013590 f   fcache.obj
 0001:000125b0       _fcache_low_on_memory      710135b0 f   fcache.obj
 0001:00012710       _fcache_profile_exit       71013710 f   fcache.obj
 0001:00012950       _fcache_refine_whereami    71013950 f   fcache.obj
 0001:00012a00       _fcache_remove_fragment    71013a00 f   fcache.obj
 0001:00012b50       _fcache_reset_all_caches_proactively 71013b50 f   fcache.obj
 0001:00012ee0       _fcache_return_extra_space 71013ee0 f   fcache.obj
 0001:00013880       _fcache_shift_start_pc     71014880 f   fcache.obj
 0001:00013930       _fcache_thread_exit        71014930 f   fcache.obj
 0001:00013940       _fcache_thread_init        71014940 f   fcache.obj
 0001:000140e0       _get_fcache_coarse_info    710150e0 f   fcache.obj
 0001:00014110       _in_fcache                 71015110 f   fcache.obj
 0001:000148e0       _schedule_reset            710158e0 f   fcache.obj
 0001:00014cc0       _coarse_deref_ibl_prefix   71015cc0 f   link.obj
 0001:00014d00       _coarse_frozen_stub_size   71015d00 f   link.obj
 0001:00014e40       _coarse_lazy_link          71015e40 f   link.obj
 0001:00015320       _coarse_mark_trace_head    71016320 f   link.obj
 0001:000154b0       _coarse_remove_outgoing    710164b0 f   link.obj
 0001:000155e0       _coarse_indirect_stub_size 710165e0 f   emit_utils_shared.obj
 0001:000155e0       _coarse_stub_alignment     710165e0 f   link.obj
 0001:000155f0       _coarse_stubs_create       710165f0 f   link.obj
 0001:00015660       _coarse_stubs_delete       71016660 f   link.obj
 0001:00015720       _coarse_stubs_set_end_pc   71016720 f   link.obj
 0001:00015740       _coarse_stubs_set_info     71016740 f   link.obj
 0001:00015760       _coarse_unit_shift_links   71016760 f   link.obj
 0001:00015950       _coarse_unit_unlink        71016950 f   link.obj
 0001:00015bc0       _coarse_unit_unlink_outgoing 71016bc0 f   link.obj
 0001:00015ca0       _coarse_update_outgoing    71016ca0 f   link.obj
 0001:00015e60       _d_r_link_exit             71016e60 f   link.obj
 0001:00015ea0       _d_r_link_init             71016ea0 f   link.obj
 0001:00015f30       _fcache_return_coarse_prefix 71016f30 f   link.obj
 0001:00015f60       _get_asynch_linkstub       71016f60 f   link.obj
 0001:00015f70       _get_client_linkstub       71016f70 f   link.obj
 0001:00015f80       _get_coarse_exit_linkstub  71016f80 f   link.obj
 0001:00015f90       _get_coarse_ibl_prefix     71016f90 f   link.obj
 0001:00015fd0       _get_coarse_trace_head_exit_linkstub 71016fd0 f   link.obj
 0001:00015fe0       _get_deleted_linkstub      71016fe0 f   link.obj
 0001:00015ff0       _get_ibl_deleted_linkstub  71016ff0 f   link.obj
 0001:00016000       _get_ibl_sourceless_linkstub 71017000 f   link.obj
 0001:00016070       _get_last_linkstub_ordinal 71017070 f   link.obj
 0001:00016090       _get_native_exec_linkstub  71017090 f   link.obj
 0001:000160a0       _get_native_exec_syscall_linkstub 710170a0 f   link.obj
 0001:000160b0       _get_reset_linkstub        710170b0 f   link.obj
 0001:000160c0       _get_selfmod_linkstub      710170c0 f   link.obj
 0001:000160d0       _get_shared_syscalls_bb_linkstub 710170d0 f   link.obj
 0001:000160e0       _get_shared_syscalls_trace_linkstub 710170e0 f   link.obj
 0001:000160f0       _get_shared_syscalls_unlinked_linkstub 710170f0 f   link.obj
 0001:00016100       _get_special_ibl_linkstub  71017100 f   link.obj
 0001:00016140       _get_starting_linkstub     71017140 f   link.obj
 0001:00016150       _get_stub_coarse_info      71017150 f   link.obj
 0001:00016170       _get_syscall_linkstub      71017170 f   link.obj
 0001:00016180       _in_coarse_stub_prefixes   71017180 f   link.obj
 0001:000161d0       _in_coarse_stubs           710171d0 f   link.obj
 0001:00016330       _incoming_remove_fragment  71017330 f   link.obj
 0001:00016620       _is_ibl_sourceless_linkstub 71017620 f   link.obj
 0001:00016670       _is_linkable               71017670 f   link.obj
 0001:00016710       _last_exit_deleted         71017710 f   link.obj
 0001:00016a60       _link_fragment_incoming    71017a60 f   link.obj
 0001:00016bb0       _link_fragment_outgoing    71017bb0 f   link.obj
 0001:00017240       _link_new_fragment         71018240 f   link.obj
 0001:000172e0       _link_reset_free           710182e0 f   link.obj
 0001:00017300       _link_reset_init           71018300 f   link.obj
 0001:00017330       _link_thread_exit          71018330 f   link.obj
 0001:00017350       _link_thread_init          71018350 f   link.obj
 0001:000173a0       _linkstub_frag_offs_at_end 710183a0 f   link.obj
 0001:000173e0       _linkstub_fragment         710183e0 f   link.obj
 0001:00017550       _linkstub_free_exitstubs   71018550 f   link.obj
 0001:00017690       _linkstub_propagatable_flags 71018690 f   link.obj
 0001:000176b0       _linkstub_shares_next_stub 710186b0 f   link.obj
 0001:00017830       _linkstub_size             71018830 f   link.obj
 0001:000178a0       _linkstubs_heap_size       710188a0 f   link.obj
 0001:000178f0       _linkstubs_init            710188f0 f   link.obj
 0001:00017990       _linkstubs_shift           71018990 f   link.obj
 0001:00017a40       _local_exit_stub_size      71018a40 f   link.obj
 0001:00017ab0       _separate_stub_create      71018ab0 f   link.obj
 0001:00017c10       _set_coarse_ibl_exit       71018c10 f   link.obj
 0001:00017ca0       _set_last_exit             71018ca0 f   link.obj
 0001:00017cd0       _shift_links_to_new_fragment 71018cd0 f   link.obj
 0001:00018670       _should_separate_stub      71019670 f   link.obj
 0001:000186e0       _trace_head_return_coarse_prefix 710196e0 f   link.obj
 0001:000189e0       _unlink_fragment_incoming  710199e0 f   link.obj
 0001:00018b10       _unlink_fragment_outgoing  71019b10 f   link.obj
 0001:00018bf0       _use_cbr_fallthrough_short 71019bf0 f   link.obj
 0001:00018bf0       _instr_is_exclusive_load   71019bf0 f   instr.obj
 0001:00018bf0       _opnd_disassemble_arch     71019bf0 f   disassemble.obj
 0001:00018bf0       _os_thread_re_take_over    71019bf0 f   os.obj
 0001:00018bf0       _parameters_stack_padded   71019bf0 f   mangle_shared.obj
 0001:00018bf0       _ignorable_system_call     71019bf0 f   syscall.obj
 0001:00018bf0       _reg_is_stolen             71019bf0 f   opnd.obj
 0001:00018bf0       _opnd_is_immed_int64       71019bf0 f   opnd_shared.obj
 0001:00018bf0       _instr_is_exclusive_store  71019bf0 f   instr.obj
 0001:00018c00       _d_r_dispatch              71019c00 f   dispatch.obj
 0001:0001acc0       _handle_system_call        7101bcc0 f   dispatch.obj
 0001:0001b0b0       _is_stopping_point         7101c0b0 f   dispatch.obj
 0001:0001b100       _issue_last_system_call_from_app 7101c100 f   dispatch.obj
 0001:0001b270       _transfer_to_dispatch      7101c270 f   dispatch.obj
 0001:0001b2f0       _emit_fragment             7101c2f0 f   emit.obj
 0001:0001b320       _emit_fragment_as_replacement 7101c320 f   emit.obj
 0001:0001be20       _emit_fragment_ex          7101ce20 f   emit.obj
 0001:0001be50       _emit_invisible_fragment   7101ce50 f   emit.obj
 0001:0001be80       _final_exit_shares_prev_stub 7101ce80 f   emit.obj
 0001:0001bf00       _set_linkstub_fields       7101cf00 f   emit.obj
 0001:0001c850       _acquire_recursive_app_lock 7101d850 f   utils.obj
 0001:0001c890       _acquire_recursive_lock    7101d890 f   utils.obj
 0001:0001c8d0       _bitmap_allocate_blocks    7101d8d0 f   utils.obj
 0001:0001caa0       _bitmap_free_blocks        7101daa0 f   utils.obj
 0001:0001cad0       _bitmap_initialize_free    7101dad0 f   utils.obj
 0001:0001caf0       _check_filter              7101daf0 f   utils.obj
 0001:0001cc10       _check_filter_with_wildcards 7101dc10 f   utils.obj
 0001:0001cc30       _check_low_disk_threshold  7101dc30 f   utils.obj
 0001:0001cc80       _close_log_file            7101dc80 f   utils.obj
 0001:0001cca0       _convert_date_to_millis    7101dca0 f   utils.obj
 0001:0001cd80       _convert_millis_to_date    7101dd80 f   utils.obj
 0001:0001d070       _create_log_dir            7101e070 f   utils.obj
 0001:0001d450       _d_r_crc32                 7101e450 f   utils.obj
 0001:0001d480       _d_r_get_random_seed       7101e480 f   utils.obj
 0001:0001d490       _d_r_md5_final             7101e490 f   utils.obj
 0001:0001d5b0       _d_r_md5_init              7101e5b0 f   utils.obj
 0001:0001d5f0       _d_r_md5_update            7101e5f0 f   utils.obj
 0001:0001d6b0       _spinmutex_delete          7101e6b0 f   utils.obj
 0001:0001d6b0       _d_r_mutex_delete          7101e6b0 f   utils.obj
 0001:0001d6e0       _d_r_mutex_lock            7101e6e0 f   utils.obj
 0001:0001d730       _d_r_mutex_lock_app        7101e730 f   utils.obj
 0001:0001d780       _d_r_mutex_trylock         7101e780 f   utils.obj
 0001:0001d7a0       _d_r_mutex_unlock          7101e7a0 f   utils.obj
 0001:0001d7c0       _d_r_notify                7101e7c0 f   utils.obj
 0001:0001d890       _d_r_read_lock             7101e890 f   utils.obj
 0001:0001d950       _d_r_read_unlock           7101e950 f   utils.obj
 0001:0001d990       _d_r_set_random_seed       7101e990 f   utils.obj
 0001:0001d9a0       _d_r_write_lock            7101e9a0 f   utils.obj
 0001:0001da00       _d_r_write_trylock         7101ea00 f   utils.obj
 0001:0001da60       _d_r_write_unlock          7101ea60 f   utils.obj
 0001:0001dac0       _divide_uint64_print       7101eac0 f   utils.obj
 0001:0001db50       _do_file_write             7101eb50 f   utils.obj
 0001:0001dbe0       _double_print              7101ebe0 f   utils.obj
 0001:0001dc90       _double_strchr             7101ec90 f   utils.obj
 0001:0001dcc0       _dr_strdup                 7101ecc0 f   utils.obj
 0001:0001dd10       _dr_strfree                7101ed10 f   utils.obj
 0001:0001dd40       _dr_wstrdup                7101ed40 f   utils.obj
 0001:0001de30       _dump_buffer_as_bytes      7101ee30 f   utils.obj
 0001:0001e160       _dump_global_rstats_to_stderr 7101f160 f   utils.obj
 0001:0001e710       _external_error            7101f710 f   utils.obj
 0001:0001e7d0       _get_log_dir               7101f7d0 f   utils.obj
 0001:0001e8b0       _get_random_offset         7101f8b0 f   utils.obj
 0001:0001e920       _get_short_name            7101f920 f   utils.obj
 0001:0001e940       _get_unique_logfile        7101f940 f   utils.obj
 0001:0001eb00       _hash_value                7101fb00 f   utils.obj
 0001:0001ebb0       _hashtable_num_bits        7101fbb0 f   utils.obj
 0001:0001ebd0       _is_readable_without_exception_try 7101fbd0 f   utils.obj
 0001:0001ec70       _is_string_readable_without_exception 7101fc70 f   utils.obj
 0001:0001ed70       _md5_digests_equal         7101fd70 f   utils.obj
 0001:0001eda0       _module_digests_equal      7101fda0 f   utils.obj
 0001:0001ee10       _open_log_file             7101fe10 f   utils.obj
 0001:0001f030       _our_wcsnlen               71020030 f   utils.obj
 0001:0001f050       _print_file                71020050 f   utils.obj
 0001:0001f070       _print_to_buffer           71020070 f   utils.obj
 0001:0001f090       _print_version_and_app_info 71020090 f   utils.obj
 0001:0001f100       _print_xml_cdata           71020100 f   utils.obj
 0001:0001f1b0       _region_intersection       710201b0 f   utils.obj
 0001:0001f1f0       _release_recursive_lock    710201f0 f   utils.obj
 0001:0001f220       _report_app_problem        71020220 f   utils.obj
 0001:0001f320       _report_dynamorio_problem  71020320 f   utils.obj
 0001:0001f640       _safe_write_try_except     71020640 f   utils.obj
 0001:0001f760       _self_owns_recursive_lock  71020760 f   utils.obj
 0001:0001f780       _self_owns_write_lock      71020780 f   utils.obj
 0001:0001f7a0       _set_display_version       710207a0 f   utils.obj
 0001:0001f810       _set_exception_strings     71020810 f   utils.obj
 0001:0001f900       _spinmutex_lock            71020900 f   utils.obj
 0001:0001f930       _spinmutex_lock_no_yield   71020930 f   utils.obj
 0001:0001f960       _spinmutex_trylock         71020960 f   utils.obj
 0001:0001f980       _spinmutex_unlock          71020980 f   utils.obj
 0001:0001f990       _stats_get_snapshot        71020990 f   utils.obj
 0001:0001fae0       _str_case_prefix           71020ae0 f   utils.obj
 0001:0001fb30       _try_recursive_lock        71020b30 f   utils.obj
 0001:0001fb80       _utils_exit                71020b80 f   utils.obj
 0001:0001fc00       _utils_init                71020c00 f   utils.obj
 0001:0001fd50       _config_heap_exit          71020d50 f   config.obj
 0001:0001fda0       _config_heap_init          71020da0 f   config.obj
 0001:00020030       _d_r_config_exit           71021030 f   config.obj
 0001:00020060       _d_r_config_init           71021060 f   config.obj
 0001:00020090       _d_r_get_parameter         71021090 f   config.obj
 0001:000200b0       _get_config_val            710210b0 f   config.obj
 0001:00020100       _get_config_val_other_app  71021100 f   config.obj
 0001:000201d0       _get_parameter_ex          710211d0 f   config.obj
 0001:00020ce0       _kstat_exit                71021ce0 f   stats.obj
 0001:00020d40       _kstat_init                71021d40 f   stats.obj
 0001:00022150       _kstat_thread_exit         71023150 f   stats.obj
 0001:000223a0       _kstat_thread_init         710233a0 f   stats.obj
 0001:00022820       _alloc_landing_pad         71023820 f   heap.obj
 0001:00023070       _d_r_heap_exit             71024070 f   heap.obj
 0001:000233c0       _d_r_heap_init             710243c0 f   heap.obj
 0001:00023590       _d_r_map_file              71024590 f   heap.obj
 0001:000235e0       _d_r_unmap_file            710245e0 f   heap.obj
 0001:00023990       _global_heap_alloc         71024990 f   heap.obj
 0001:000239d0       _global_heap_free          710249d0 f   heap.obj
 0001:00023a40       _global_heap_realloc       71024a40 f   heap.obj
 0001:00023b10       _global_unprotected_heap_alloc 71024b10 f   heap.obj
 0001:00023b30       _global_unprotected_heap_free 71024b30 f   heap.obj
 0001:00023bb0       _heap_alloc                71024bb0 f   heap.obj
 0001:00023c00       _heap_check_option_compatibility 71024c00 f   heap.obj
 0001:00023e30       _heap_free                 71024e30 f   heap.obj
 0001:00024110       _heap_mmap                 71025110 f   heap.obj
 0001:00024130       _heap_mmap_ex              71025130 f   heap.obj
 0001:00024150       _heap_mmap_extend_commitment 71025150 f   heap.obj
 0001:000241c0       _heap_mmap_reserve         710251c0 f   heap.obj
 0001:000241e0       _heap_mmap_reserve_post_stack 710251e0 f   heap.obj
 0001:000243f0       _heap_mmap_retract_commitment 710253f0 f   heap.obj
 0001:00024450       _heap_munmap               71025450 f   heap.obj
 0001:00024470       _heap_munmap_ex            71025470 f   heap.obj
 0001:00024490       _heap_munmap_post_stack    71025490 f   heap.obj
 0001:00024500       _heap_post_exit            71025500 f   heap.obj
 0001:00024510       _heap_reachable_alloc      71025510 f   heap.obj
 0001:00024580       _heap_reachable_free       71025580 f   heap.obj
 0001:00024590       _heap_reset_free           71025590 f   heap.obj
 0001:00024650       _heap_reset_init           71025650 f   heap.obj
 0001:000246a0       _heap_thread_exit          710256a0 f   heap.obj
 0001:00024800       _heap_thread_init          71025800 f   heap.obj
 0001:00024950       _heap_thread_reset_free    71025950 f   heap.obj
 0001:00024970       _heap_thread_reset_init    71025970 f   heap.obj
 0001:00024a00       _heap_vmareas_synch_units  71025a00 f   heap.obj
 0001:00024d30       _is_stack_overflow         71025d30 f   heap.obj
 0001:00024da0       _is_vmm_reserved_address   71025da0 f   heap.obj
 0001:00024ea0       _landing_pads_to_executable_areas 71025ea0 f   heap.obj
 0001:00024f60       _local_heap_protected      71025f60 f   heap.obj
 0001:00024fa0       _lockwise_safe_to_allocate_memory 71025fa0 f   heap.obj
 0001:00024fc0       _nonpersistent_heap_alloc  71025fc0 f   heap.obj
 0001:00025000       _nonpersistent_heap_free   71026000 f   heap.obj
 0001:000250a0       _print_vmm_heap_data       710260a0 f   heap.obj
 0001:00025110       _protect_global_heap       71026110 f   heap.obj
 0001:000251b0       _protect_local_heap        710261b0 f   heap.obj
 0001:00025610       _special_heap_alloc        71026610 f   heap.obj
 0001:00025630       _special_heap_calloc       71026630 f   heap.obj
 0001:00025860       _special_heap_cfree        71026860 f   heap.obj
 0001:00025b60       _special_heap_exit         71026b60 f   heap.obj
 0001:00025da0       _special_heap_free         71026da0 f   heap.obj
 0001:00025e60       _special_heap_init         71026e60 f   heap.obj
 0001:00026040       _special_heap_iterator_hasnext 71027040 f   heap.obj
 0001:00026050       _special_heap_iterator_next 71027050 f   heap.obj
 0001:000260a0       _special_heap_iterator_start 710270a0 f   heap.obj
 0001:000260d0       _special_heap_iterator_stop 710270d0 f   heap.obj
 0001:000260f0       _special_heap_pclookup_init 710270f0 f   heap.obj
 0001:00026130       _special_heap_profile_exit 71027130 f   heap.obj
 0001:00026200       _special_heap_set_unit_end 71027200 f   heap.obj
 0001:00026230       _special_heap_set_vector_data 71027230 f   heap.obj
 0001:00026260       _stack_alloc               71027260 f   heap.obj
 0001:00026360       _stack_free                71027360 f   heap.obj
 0001:000265a0       _trim_landing_pad          710275a0 f   heap.obj
 0001:000266d0       _vmcode_get_end            710276d0 f   heap.obj
 0001:000266f0       _vmcode_get_executable_addr 710276f0 f   heap.obj
 0001:00026730       _vmcode_get_start          71027730 f   heap.obj
 0001:00026740       _vmcode_get_writable_addr  71027740 f   heap.obj
 0001:00026770       _vmcode_unreachable_pc     71027770 f   heap.obj
 0001:00026a90       _vmm_heap_exit             71027a90 f   heap.obj
 0001:00026c50       _vmm_heap_handle_pending_low_on_memory_event_trigger 71027c50 f   heap.obj
 0001:00026c90       _vmm_heap_init             71027c90 f   heap.obj
 0001:00027c90       _cur_trace_vmlist          71028c90 f   monitor.obj
 0001:00027cb0       _d_r_monitor_exit          71028cb0 f   monitor.obj
 0001:00028670       _is_building_trace         71029670 f   monitor.obj
 0001:00028800       _mangle_trace_at_end       71029800 f   monitor.obj
 0001:00028820       _mark_trace_head           71029820 f   monitor.obj
 0001:00028a30       _monitor_cache_enter       71029a30 f   monitor.obj
 0001:00029870       _monitor_cache_exit        7102a870 f   monitor.obj
 0001:00029920       _monitor_delete_would_abort_trace 7102a920 f   monitor.obj
 0001:00029960       _monitor_is_linkable       7102a960 f   monitor.obj
 0001:000299e0       _monitor_remove_fragment   7102a9e0 f   monitor.obj
 0001:00029a50       _monitor_thread_exit       7102aa50 f   monitor.obj
 0001:00029a60       _monitor_thread_init       7102aa60 f   monitor.obj
 0001:00029ad0       _trace_abort_and_delete    7102aad0 f   monitor.obj
 0001:00029ad0       _monitor_thread_reset_free 7102aad0 f   monitor.obj
 0001:00029c50       _should_be_trace_head      7102ac50 f   monitor.obj
 0001:00029e20       _thcounter_range_remove    7102ae20 f   monitor.obj
 0001:00029e50       _trace_abort               7102ae50 f   monitor.obj
 0001:0002a080       _acquire_vm_areas_lock     7102b080 f   vmareas.obj
 0001:0002a0c0       _acquire_vm_areas_lock_if_not_already 7102b0c0 f   vmareas.obj
 0001:0002a120       _add_dynamo_heap_vm_area   7102b120 f   vmareas.obj
 0001:0002a160       _add_dynamo_vm_area        7102b160 f   vmareas.obj
 0001:0002a1e0       _add_executable_region     7102b1e0 f   vmareas.obj
 0001:0002a5e0       _add_to_lazy_deletion_list 7102b5e0 f   vmareas.obj
 0001:0002ae50       _app_memory_allocation     7102be50 f   vmareas.obj
 0001:0002afe0       _app_memory_deallocation   7102bfe0 f   vmareas.obj
 0001:0002b040       _app_memory_pre_alloc      7102c040 f   vmareas.obj
 0001:0002b120       _app_memory_protection_change 7102c120 f   vmareas.obj
 0001:0002b690       _check_in_last_thread_vm_area 7102c690 f   vmareas.obj
 0001:0002b820       _check_thread_vm_area      7102c820 f   vmareas.obj
 0001:0002c3f0       _check_thread_vm_area_abort 7102d3f0 f   vmareas.obj
 0001:0002c530       _dynamo_vm_area_overlap    7102d530 f   vmareas.obj
 0001:0002c580       _dynamo_vm_areas_exit      7102d580 f   vmareas.obj
 0001:0002c5b0       _dynamo_vm_areas_init      7102d5b0 f   vmareas.obj
 0001:0002c630       _dynamo_vm_areas_lock      7102d630 f   vmareas.obj
 0001:0002c750       _dynamo_vm_areas_unlock    7102d750 f   vmareas.obj
 0001:0002c780       _executable_area_overlap_bounds 7102d780 f   vmareas.obj
 0001:0002c9e0       _executable_areas_lock     7102d9e0 f   vmareas.obj
 0001:0002cb40       _executable_areas_unlock   7102db40 f   vmareas.obj
 0001:0002cb50       _executable_vm_area_coarse_overlap 7102db50 f   vmareas.obj
 0001:0002cba0       _executable_vm_area_executed_from 7102dba0 f   vmareas.obj
 0001:0002cbf0       _executable_vm_area_overlap 7102dbf0 f   vmareas.obj
 0001:0002cc90       _free_nonexec_coarse_and_unlock 7102dc90 f   vmareas.obj
 0001:0002ce70       _get_executable_area_coarse_info 7102de70 f   vmareas.obj
 0001:0002ce90       _get_executable_area_flags 7102de90 f   vmareas.obj
 0001:0002cef0       _get_selfmod_exec_counter  7102def0 f   vmareas.obj
 0001:0002cfc0       _handle_modified_code      7102dfc0 f   vmareas.obj
 0001:0002d650       _is_address_on_stack       7102e650 f   vmareas.obj
 0001:0002d6e0       _is_driver_address         7102e6e0 f   vmareas.obj
 0001:0002d750       _is_dynamo_address         7102e750 f   vmareas.obj
 0001:0002d7a0       _is_dynamo_area_buffer     7102e7a0 f   vmareas.obj
 0001:0002d820       _is_executable_area_writable 7102e820 f   vmareas.obj
 0001:0002d870       _is_jit_managed_area       7102e870 f   vmareas.obj
 0001:0002d980       _is_pretend_or_executable_writable 7102e980 f   vmareas.obj
 0001:0002da30       _is_pretend_writable_address 7102ea30 f   vmareas.obj
 0001:0002dae0       _mark_dynamo_vm_areas_stale 7102eae0 f   vmareas.obj
 0001:0002daf0       _mark_executable_area_coarse_frozen 7102eaf0 f   vmareas.obj
 0001:0002db60       _mark_unload_end           7102eb60 f   vmareas.obj
 0001:0002db90       _mark_unload_start         7102eb90 f   vmareas.obj
 0001:0002dcf0       _print_executable_areas    7102ecf0 f   vmareas.obj
 0001:0002dd40       _print_last_deallocated    7102ed40 f   vmareas.obj
 0001:0002dec0       _release_vm_areas_lock     7102eec0 f   vmareas.obj
 0001:0002df00       _remove_dynamo_heap_areas  7102ef00 f   vmareas.obj
 0001:0002e260       _remove_dynamo_vm_area     7102f260 f   vmareas.obj
 0001:0002e2b0       _remove_executable_region  7102f2b0 f   vmareas.obj
 0001:0002e4f0       _remove_from_lazy_deletion_list 7102f4f0 f   vmareas.obj
 0001:0002eb20       _revert_memory_regions     7102fb20 f   vmareas.obj
 0001:0002ebd0       _self_owns_dynamo_vm_area_lock 7102fbd0 f   vmareas.obj
 0001:0002ebf0       _set_region_jit_managed    7102fbf0 f   vmareas.obj
 0001:0002eca0       _set_thread_decode_page_start 7102fca0 f   vmareas.obj
 0001:0002ecc0       _tamper_resistant_region_add 7102fcc0 f   vmareas.obj
 0001:0002ece0       _thread_vm_area_overlap    7102fce0 f   vmareas.obj
 0001:0002ed50       _unlink_fragments_for_deletion 7102fd50 f   vmareas.obj
 0001:0002ee40       _vm_area_add_fragment      7102fe40 f   vmareas.obj
 0001:0002f0b0       _vm_area_add_to_list       710300b0 f   vmareas.obj
 0001:0002f4e0       _vm_area_allsynch_flush_fragments 710304e0 f   vmareas.obj
 0001:0002f7a0       _vm_area_check_shared_pending 710307a0 f   vmareas.obj
 0001:0002fc60       _vm_area_coarse_units_freeze 71030c60 f   vmareas.obj
 0001:0002fd00       _vm_area_coarse_units_reset_free 71030d00 f   vmareas.obj
 0001:0002fd90       _vm_area_delay_load_coarse_units 71030d90 f   vmareas.obj
 0001:0002fed0       _vm_area_destroy_list      71030ed0 f   vmareas.obj
 0001:0002fef0       _vm_area_flush_fragments   71030ef0 f   vmareas.obj
 0001:00030130       _vm_area_remove_fragment   71031130 f   vmareas.obj
 0001:00030210       _vm_area_selfmod_check_clear_exec_count 71031210 f   vmareas.obj
 0001:000303e0       _vm_area_unlink_fragments  710313e0 f   vmareas.obj
 0001:00030680       _vm_areas_exit             71031680 f   vmareas.obj
 0001:00030880       _vm_areas_init             71031880 f   vmareas.obj
 0001:00030cc0       _vm_areas_post_exit        71031cc0 f   vmareas.obj
 0001:00030cd0       _vm_areas_reset_free       71031cd0 f   vmareas.obj
 0001:00030d00       _vm_areas_reset_init       71031d00 f   vmareas.obj
 0001:00030d70       _vm_areas_thread_reset_free 71031d70 f   vmareas.obj
 0001:00030d70       _vm_areas_thread_exit      71031d70 f   vmareas.obj
 0001:00030d90       _vm_areas_thread_init      71031d90 f   vmareas.obj
 0001:00030e20       _vm_areas_thread_reset_init 71031e20 f   vmareas.obj
 0001:00030eb0       _vm_list_overlaps          71031eb0 f   vmareas.obj
 0001:00031000       _vmvector_add              71032000 f   vmareas.obj
 0001:00031070       _vmvector_add_replace      71032070 f   vmareas.obj
 0001:00031110       _vmvector_create_vector    71032110 f   vmareas.obj
 0001:00031140       _vmvector_delete_vector    71032140 f   vmareas.obj
 0001:000311e0       _vmvector_iterator_hasnext 710321e0 f   vmareas.obj
 0001:00031200       _vmvector_iterator_next    71032200 f   vmareas.obj
 0001:00031250       _vmvector_iterator_peek    71032250 f   vmareas.obj
 0001:000312a0       _vmvector_iterator_start   710322a0 f   vmareas.obj
 0001:000312f0       _vmvector_iterator_startover 710322f0 f   vmareas.obj
 0001:00031300       _vmvector_iterator_stop    71032300 f   vmareas.obj
 0001:00031340       _vmvector_lookup           71032340 f   vmareas.obj
 0001:000313b0       _vmvector_lookup_data      710323b0 f   vmareas.obj
 0001:00031440       _vmvector_modify_data      71032440 f   vmareas.obj
 0001:000314c0       _vmvector_overlap          710324c0 f   vmareas.obj
 0001:00031530       _vmvector_remove           71032530 f   vmareas.obj
 0001:00031590       _vmvector_remove_containing_area 71032590 f   vmareas.obj
 0001:00031620       _vmvector_reset_vector     71032620 f   vmareas.obj
 0001:00031690       _was_executable_area_writable 71032690 f   vmareas.obj
 0001:00031720       _generic_hash_add          71032720 f   hashtable.obj
 0001:00031750       _generic_hash_clear        71032750 f   hashtable.obj
 0001:000317d0       _generic_hash_create       710327d0 f   hashtable.obj
 0001:00031810       _generic_hash_destroy      71032810 f   hashtable.obj
 0001:000318d0       _generic_hash_iterate_next 710328d0 f   hashtable.obj
 0001:00031930       _generic_hash_iterate_remove 71032930 f   hashtable.obj
 0001:000319a0       _generic_hash_lookup       710329a0 f   hashtable.obj
 0001:000319d0       _generic_hash_range_remove 710329d0 f   hashtable.obj
 0001:000319f0       _generic_hash_remove       710329f0 f   hashtable.obj
 0001:00031a70       _hashtable_bits_given_entries 71032a70 f   hashtable.obj
 0001:00032640       _strhash_hash_add          71033640 f   hashtable.obj
 0001:00032670       _strhash_hash_create       71033670 f   hashtable.obj
 0001:00032700       _strhash_hash_destroy      71033700 f   hashtable.obj
 0001:000327c0       _strhash_hash_lookup       710337c0 f   hashtable.obj
 0001:000327f0       _strhash_hash_remove       710337f0 f   hashtable.obj
 0001:00032920       _is_module_list_initialized 71033920 f   module_list.obj
 0001:00032930       _module_calculate_digest   71033930 f   module_list.obj
 0001:00032c30       _module_iterator_hasnext   71033c30 f   module_list.obj
 0001:00032c90       _module_iterator_next      71033c90 f   module_list.obj
 0001:00032cb0       _module_iterator_start     71033cb0 f   module_list.obj
 0001:00032cf0       _module_iterator_stop      71033cf0 f   module_list.obj
 0001:00032d30       _module_list_add           71033d30 f   module_list.obj
 0001:00032dc0       _module_list_add_mapping   71033dc0 f   module_list.obj
 0001:00032de0       _module_list_remove        71033de0 f   module_list.obj
 0001:00032ed0       _module_list_remove_mapping 71033ed0 f   module_list.obj
 0001:00032ef0       _module_pc_lookup          71033ef0 f   module_list.obj
 0001:00032f10       _modules_exit              71033f10 f   module_list.obj
 0001:00033000       _modules_init              71034000 f   module_list.obj
 0001:00033020       _modules_reset_list        71034020 f   module_list.obj
 0001:000330e0       _os_get_module_info_lock   710340e0 f   module_list.obj
 0001:00033100       _os_get_module_info_unlock 71034100 f   module_list.obj
 0001:00033120       _os_get_module_info_write_lock 71034120 f   module_list.obj
 0001:00033140       _os_get_module_info_write_unlock 71034140 f   module_list.obj
 0001:00033160       _os_get_module_name_buf_strdup 71034160 f   module_list.obj
 0001:00033220       _os_get_module_name_strdup 71034220 f   module_list.obj
 0001:000332a0       _os_module_clear_flag      710342a0 f   module_list.obj
 0001:000332c0       _os_module_get_flag        710342c0 f   module_list.obj
 0001:00033320       _os_module_get_view_size   71034320 f   module_list.obj
 0001:00033380       _os_module_set_flag        71034380 f   module_list.obj
 0001:00033430       _moduledb_exit             71034430 f   moduledb.obj
 0001:000334a0       _moduledb_init             710344a0 f   moduledb.obj
 0001:000334c0       _moduledb_process_image    710344c0 f   moduledb.obj
 0001:000336c0       _print_moduledb_exempt_lists 710346c0 f   moduledb.obj
 0001:000341e0       _coarse_unit_check_persist_space 710351e0 f   perscache.obj
 0001:00034250       _coarse_unit_create        71035250 f   perscache.obj
 0001:000343d0       _coarse_unit_free          710353d0 f   perscache.obj
 0001:00034420       _coarse_unit_freeze        71035420 f   perscache.obj
 0001:000345e0       _coarse_unit_init          710355e0 f   perscache.obj
 0001:00034610       _coarse_unit_load          71035610 f   perscache.obj
 0001:000350f0       _coarse_unit_mark_in_use   710360f0 f   perscache.obj
 0001:00035170       _coarse_unit_merge         71036170 f   perscache.obj
 0001:00035720       _coarse_unit_persist       71036720 f   perscache.obj
 0001:00036060       _coarse_unit_reset_free    71037060 f   perscache.obj
 0001:00036590       _coarse_units_freeze_all   71037590 f   perscache.obj
 0001:00036b40       _dr_fragment_persistable   71037b40 f   perscache.obj
 0001:00036bb0       _dr_persist_size           71037bb0 f   perscache.obj
 0001:00036bc0       _dr_persist_start          71037bc0 f   perscache.obj
 0001:00036f10       _instrument_persist_section 71037f10 f   perscache.obj
 0001:00036fd0       _perscache_dirname         71037fd0 f   perscache.obj
 0001:000370b0       _perscache_fast_exit       710380b0 f   perscache.obj
 0001:000370f0       _perscache_init            710380f0 f   perscache.obj
 0001:00037370       _transfer_coarse_fragment  71038370 f   perscache.obj
 0001:000375d0       _transfer_coarse_stub      710385d0 f   perscache.obj
 0001:000376b0       _transfer_coarse_stub_fix_trace_head 710386b0 f   perscache.obj
 0001:000376f0       _generic_nudge_handler     710386f0 f   nudge.obj
 0001:00037940       _generic_nudge_target      71038940 f   nudge.obj
 0001:00037960       _nudge_internal            71038960 f   nudge.obj
 0001:00037aa0       _nudge_thread_cleanup      71038aa0 f   nudge.obj
 0001:00037b60       _at_safe_spot              71038b60 f   synch.obj
 0001:00037ce0       _check_wait_at_safe_spot   71038ce0 f   synch.obj
 0001:00037e80       _detach_on_permanent_stack 71038e80 f   synch.obj
 0001:000382f0       _end_synch_with_all_threads 710392f0 f   synch.obj
 0001:000383b0       _is_at_do_syscall          710393b0 f   synch.obj
 0001:00038530       _send_all_other_threads_native 71039530 f   synch.obj
 0001:00038720       _set_synch_state           71039720 f   synch.obj
 0001:00038750       _set_synched_thread_context 71039750 f   synch.obj
 0001:000388d0       _should_wait_at_safe_spot  710398d0 f   synch.obj
 0001:000388f0       _synch_exit                710398f0 f   synch.obj
 0001:00038900       _synch_thread_exit         71039900 f   synch.obj
 0001:000389a0       _synch_thread_init         710399a0 f   synch.obj
 0001:00038a10       _synch_with_all_threads    71039a10 f   synch.obj
 0001:00039060       _synch_with_thread         7103a060 f   synch.obj
 0001:000393c0       _thread_synch_state_no_xfer 7103a3c0 f   synch.obj
 0001:00039420       _thread_synch_successful   7103a420 f   synch.obj
 0001:00039440       _translate_from_synchall_to_dispatch 7103a440 f   synch.obj
 0001:000395b0       _translate_mcontext        7103a5b0 f   synch.obj
 0001:00039700       _in_private_library        7103a700 f   loader_shared.obj
 0001:00039720       _loader_exit               7103a720 f   loader_shared.obj
 0001:000398a0       _loader_init_epilogue      7103a8a0 f   loader_shared.obj
 0001:000399d0       _loader_init_prologue      7103a9d0 f   loader_shared.obj
 0001:00039b10       _loader_make_exit_calls    7103ab10 f   loader_shared.obj
 0001:00039b90       _loader_thread_exit        7103ab90 f   loader_shared.obj
 0001:00039bf0       _loader_thread_init        7103abf0 f   loader_shared.obj
 0001:00039c90       _locate_and_load_private_library 7103ac90 f   loader_shared.obj
 0001:00039d10       _privload_add_drext_path   7103ad10 f   loader_shared.obj
 0001:00039e50       _privload_first_module     7103ae50 f   loader_shared.obj
 0001:00039e60       _privload_insert           7103ae60 f   loader_shared.obj
 0001:00039fd0       _privload_load             7103afd0 f   loader_shared.obj
 0001:0003a190       _privload_lookup           7103b190 f   loader_shared.obj
 0001:0003a270       _privload_lookup_by_base   7103b270 f   loader_shared.obj
 0001:0003a2e0       _privload_lookup_by_pc     7103b2e0 f   loader_shared.obj
 0001:0003a360       _privload_next_module      7103b360 f   loader_shared.obj
 0001:0003a370       _privload_print_modules    7103b370 f   loader_shared.obj
 0001:0003a630       _privload_unload           7103b630 f   loader_shared.obj
 0001:0003a750       _redirect_calloc           7103b750 f   loader_shared.obj
 0001:0003a7b0       _redirect_free             7103b7b0 f   loader_shared.obj
 0001:0003a7e0       _redirect_malloc           7103b7e0 f   loader_shared.obj
 0001:0003a820       _redirect_malloc_requested_size 7103b820 f   loader_shared.obj
 0001:0003a860       _redirect_realloc          7103b860 f   loader_shared.obj
 0001:0003a920       _redirect_strdup           7103b920 f   loader_shared.obj
 0001:0003a9a0       _unload_private_library    7103b9a0 f   loader_shared.obj
 0001:0003aa60       _dr_snprintf               7103ba60 f   instrument.obj
 0001:0003aa60       _d_r_snprintf              7103ba60 f   io.obj
 0001:0003aa80       _d_r_snprintf_wide         7103ba80 f   io.obj
 0001:0003aa80       _dr_snwprintf              7103ba80 f   instrument.obj
 0001:0003aaa0       _dr_sscanf                 7103baa0 f   instrument.obj
 0001:0003aaa0       _d_r_sscanf                7103baa0 f   io.obj
 0001:0003aac0       _d_r_vsnprintf             7103bac0 f   io.obj
 0001:0003b840       _d_r_vsnprintf_wide        7103c840 f   io.obj
 0001:0003c160       _d_r_vsscanf               7103d160 f   io.obj
 0001:0003c780       _double2int_trunc          7103d780 f   io.obj
 0001:0003d220       _utf16_to_utf8_size        7103e220 f   io.obj
 0001:0003d520       _call_to_native            7103e520 f   native_exec.obj
 0001:0003d8b0       _interpret_back_from_native 7103e8b0 f   native_exec.obj
 0001:0003d8e0       _is_native_pc              7103e8e0 f   native_exec.obj
 0001:0003d900       _native_exec_exit          7103e900 f   native_exec.obj
 0001:0003d930       _native_exec_init          7103e930 f   native_exec.obj
 0001:0003d9b0       _native_exec_module_load   7103e9b0 f   native_exec.obj
 0001:0003d9e0       _native_exec_module_unload 7103e9e0 f   native_exec.obj
 0001:0003da10       _put_back_native_retaddrs  7103ea10 f   native_exec.obj
 0001:0003da50       _return_from_native        7103ea50 f   native_exec.obj
 0001:0003dab0       _return_to_native          7103eab0 f   native_exec.obj
 0001:0003db00       ___wrap_calloc             7103eb00 f   instrument.obj
 0001:0003db10       ___wrap_free               7103eb10 f   instrument.obj
 0001:0003db20       ___wrap_malloc             7103eb20 f   instrument.obj
 0001:0003db30       ___wrap_realloc            7103eb30 f   instrument.obj
 0001:0003db40       ___wrap_strdup             7103eb40 f   instrument.obj
 0001:0003ddf0       _dr_abort                  7103edf0 f   instrument.obj
 0001:0003de20       _dr_abort_with_code        7103ee20 f   instrument.obj
 0001:0003de50       _dr_allow_unsafe_static_behavior 7103ee50 f   instrument.obj
 0001:0003de60       _dr_app_arg_as_cstring     7103ee60 f   instrument.obj
 0001:0003dec0       _dr_app_pc_for_decoding    7103eec0 f   instrument.obj
 0001:0003def0       _dr_app_pc_from_cache_pc   7103eef0 f   instrument.obj
 0001:0003df60       _dr_app_recurlock_lock     7103ef60 f   instrument.obj
 0001:0003df80       _dr_atomic_add32_return_sum 7103ef80 f   instrument.obj
 0001:0003dfa0       _instrlist_first           7103efa0 f   instrlist.obj
 0001:0003dfa0       _dr_atomic_load32          7103efa0 f   instrument.obj
 0001:0003dfb0       _dr_atomic_store32         7103efb0 f   instrument.obj
 0001:0003dfc0       _dr_bb_exists_at           7103efc0 f   instrument.obj
 0001:0003dff0       _dr_bb_hook_exists         7103eff0 f   instrument.obj
 0001:0003e000       _dr_cleanup_after_call     7103f000 f   instrument.obj
 0001:0003e030       _dr_client_thread_set_suspendable 7103f030 f   instrument.obj
 0001:0003e060       _dr_clobber_retaddr_after_read 7103f060 f   instrument.obj
 0001:0003e0c0       _dr_close_file             7103f0c0 f   instrument.obj
 0001:0003e0c0       _destroy_event             7103f0c0 f   os.obj
 0001:0003e0d0       _dr_convert_handle_to_pid  7103f0d0 f   instrument.obj
 0001:0003e0e0       _dr_convert_pid_to_handle  7103f0e0 f   instrument.obj
 0001:0003e0f0       _dr_create_dir             7103f0f0 f   instrument.obj
 0001:0003e110       _dr_create_memory_dump     7103f110 f   instrument.obj
 0001:0003e140       _dr_custom_alloc           7103f140 f   instrument.obj
 0001:0003e1e0       _dr_custom_free            7103f1e0 f   instrument.obj
 0001:0003e290       _dr_delay_flush_region     7103f290 f   instrument.obj
 0001:0003e310       _dr_delete_dir             7103f310 f   instrument.obj
 0001:0003e320       _dr_delete_file            7103f320 f   instrument.obj
 0001:0003e330       _dr_delete_fragment        7103f330 f   instrument.obj
 0001:0003e430       _dr_directory_exists       7103f430 f   instrument.obj
 0001:0003e450       _dr_dup_file_handle        7103f450 f   instrument.obj
 0001:0003e490       _dr_enable_console_printing 7103f490 f   instrument.obj
 0001:0003e570       _dr_end_trace_hook_exists  7103f570 f   instrument.obj
 0001:0003e580       _dr_event_create           7103f580 f   instrument.obj
 0001:0003e590       _dr_event_destroy          7103f590 f   instrument.obj
 0001:0003e5b0       _dr_event_reset            7103f5b0 f   instrument.obj
 0001:0003e5d0       _dr_event_signal           7103f5d0 f   instrument.obj
 0001:0003e5f0       _dr_event_wait             7103f5f0 f   instrument.obj
 0001:0003e660       _dr_exit_hook_exists       7103f660 f   instrument.obj
 0001:0003e670       _dr_exit_process           7103f670 f   instrument.obj
 0001:0003e730       _dr_file_exists            7103f730 f   instrument.obj
 0001:0003e750       _dr_file_seek              7103f750 f   instrument.obj
 0001:0003e770       _dr_file_size              7103f770 f   instrument.obj
 0001:0003e780       _dr_file_tell              7103f780 f   instrument.obj
 0001:0003e790       _dr_flush_file             7103f790 f   instrument.obj
 0001:0003e7a0       _dr_flush_region           7103f7a0 f   instrument.obj
 0001:0003e7c0       _dr_flush_region_ex        7103f7c0 f   instrument.obj
 0001:0003e830       _dr_fprintf                7103f830 f   instrument.obj
 0001:0003e890       _dr_fragment_app_pc        7103f890 f   instrument.obj
 0001:0003e8c0       _dr_fragment_deleted_hook_exists 7103f8c0 f   instrument.obj
 0001:0003e8d0       _dr_fragment_exists_at     7103f8d0 f   instrument.obj
 0001:0003e900       _dr_fragment_size          7103f900 f   instrument.obj
 0001:0003e950       _kernel32_redir_init_proc  7103f950 f   kernel32_proc.obj
 0001:0003e950       _dr_get_app_PEB            7103f950 f   instrument.obj
 0001:0003e960       _dr_get_app_args           7103f960 f   instrument.obj
 0001:0003e970       _dr_get_application_name   7103f970 f   instrument.obj
 0001:0003e980       _dr_get_client_base        7103f980 f   instrument.obj
 0001:0003e9c0       _dr_get_client_path        7103f9c0 f   instrument.obj
 0001:0003ea00       _dr_get_current_directory  7103fa00 f   instrument.obj
 0001:0003ea10       _dr_get_current_drcontext  7103fa10 f   instrument.obj
 0001:0003ea20       _dr_get_dr_segment_base    7103fa20 f   instrument.obj
 0001:0003ea30       _dr_get_dr_thread_handle   7103fa30 f   instrument.obj
 0001:0003ea50       _dr_get_error_code         7103fa50 f   instrument.obj
 0001:0003ea70       _os_create_memory_file     7103fa70 f   os.obj
 0001:0003ea70       _reg_parameter_num         7103fa70 f   opnd_shared.obj
 0001:0003ea70       _dr_get_logfile            7103fa70 f   instrument.obj
 0001:0003ea70       _redirect_GetCurrentProcess@0 7103fa70 f   kernel32_proc.obj
 0001:0003ea80       _dr_get_mcontext           7103fa80 f   instrument.obj
 0001:0003eaa0       _dr_get_mcontext_priv      7103faa0 f   instrument.obj
 0001:0003ec30       _dr_get_microseconds       7103fc30 f   instrument.obj
 0001:0003ec40       _dr_get_milliseconds       7103fc40 f   instrument.obj
 0001:0003ec50       _dr_get_option_array       7103fc50 f   instrument.obj
 0001:0003eca0       _dr_get_options            7103fca0 f   instrument.obj
 0001:0003edc0       _dr_get_os_version         7103fdc0 f   instrument.obj
 0001:0003ef80       _redirect_GetCurrentProcessId@0 7103ff80 f   kernel32_proc.obj
 0001:0003ef80       _dr_get_process_id_from_drcontext 7103ff80 f   instrument.obj
 0001:0003ef80       _dr_get_process_id         7103ff80 f   instrument.obj
 0001:0003ef90       _dr_get_random_seed        7103ff90 f   instrument.obj
 0001:0003efa0       _dr_get_random_value       7103ffa0 f   instrument.obj
 0001:0003efb0       _dr_get_stats              7103ffb0 f   instrument.obj
 0001:0003efc0       _dr_get_stderr_file        7103ffc0 f   instrument.obj
 0001:0003efd0       _dr_get_stdin_file         7103ffd0 f   instrument.obj
 0001:0003efe0       _dr_get_stdout_file        7103ffe0 f   instrument.obj
 0001:0003eff0       _opnd_get_flags            7103fff0 f   opnd_shared.obj
 0001:0003eff0       _instr_get_isa_mode        7103fff0 f   instr.obj
 0001:0003eff0       _dr_get_stolen_reg         7103fff0 f   instrument.obj
 0001:0003eff0       _instrlist_get_auto_predicate 7103fff0 f   instrlist.obj
 0001:0003eff0       _dr_insert_it_instrs       7103fff0 f   instrument.obj
 0001:0003eff0       _dr_remove_it_instrs       7103fff0 f   instrument.obj
 0001:0003f000       _dr_get_thread_id          71040000 f   instrument.obj
 0001:0003f010       _dr_get_time               71040010 f   instrument.obj
 0001:0003f030       _dr_get_tls_field          71040030 f   instrument.obj
 0001:0003f040       _dr_get_token              71040040 f   instrument.obj
 0001:0003f070       _dr_global_alloc           71040070 f   instrument.obj
 0001:0003f090       _dr_global_free            71040090 f   instrument.obj
 0001:0003f0b0       _dr_insert_call            710400b0 f   instrument.obj
 0001:0003f150       _dr_insert_call_ex         71040150 f   instrument.obj
 0001:0003f1c0       _dr_insert_call_instrumentation 710401c0 f   instrument.obj
 0001:0003f330       _dr_insert_call_noreturn   71040330 f   instrument.obj
 0001:0003f3a0       _dr_insert_cbr_instrumentation 710403a0 f   instrument.obj
 0001:0003f3e0       _dr_insert_cbr_instrumentation_ex 710403e0 f   instrument.obj
 0001:0003fa90       _dr_insert_clean_call      71040a90 f   instrument.obj
 0001:0003fb00       _dr_insert_clean_call_ex   71040b00 f   instrument.obj
 0001:0003fb60       _dr_insert_clean_call_ex_varg 71040b60 f   instrument.obj
 0001:000400d0       _dr_insert_get_seg_base    710410d0 f   instrument.obj
 0001:000401b0       _private_lib_handle_cb     710411b0 f   loader.obj
 0001:000401b0       _dr_mutex_self_owns        710411b0 f   instrument.obj
 0001:000401b0       _os_heap_systemwide_overcommit 710411b0 f   os.obj
 0001:000401b0       _dr_insert_set_stolen_reg_value 710411b0 f   instrument.obj
 0001:000401b0       _dr_insert_get_stolen_reg_value 710411b0 f   instrument.obj
 0001:000401b0       _remove_from_all_memory_areas 710411b0 f   os.obj
 0001:000401b0       _exit_cti_reaches_target   710411b0 f   emit_utils.obj
 0001:000401c0       _dr_insert_mbr_instrumentation 710411c0 f   instrument.obj
 0001:00040520       _dr_insert_read_raw_tls    71041520 f   instrument.obj
 0001:000405a0       _dr_insert_read_tls_field  710415a0 f   instrument.obj
 0001:000406b0       _dr_insert_ubr_instrumentation 710416b0 f   instrument.obj
 0001:000406c0       _dr_insert_write_raw_tls   710416c0 f   instrument.obj
 0001:00040740       _dr_insert_write_tls_field 71041740 f   instrument.obj
 0001:000408a0       _dr_is_detaching           710418a0 f   instrument.obj
 0001:000408b0       _dr_is_notify_on           710418b0 f   instrument.obj
 0001:000408c0       _dr_is_nudge_thread        710418c0 f   instrument.obj
 0001:000408e0       _dr_is_thread_native       710418e0 f   instrument.obj
 0001:00040900       _dr_is_tracking_where_am_i 71041900 f   instrument.obj
 0001:00040900       _should_track_where_am_i   71041900 f   instrument.obj
 0001:00040920       _dr_is_wow64               71041920 f   instrument.obj
 0001:00040930       _dr_load_aux_library       71041930 f   instrument.obj
 0001:000409c0       _dr_load_aux_x64_library   710419c0 f   instrument.obj
 0001:000409f0       _dr_lookup_aux_library_routine 710419f0 f   instrument.obj
 0001:00040a10       _dr_lookup_aux_x64_library_routine 71041a10 f   instrument.obj
 0001:00040a30       _dr_map_executable_file    71041a30 f   instrument.obj
 0001:00040a60       _dr_map_file               71041a60 f   instrument.obj
 0001:00040a90       _dr_mark_safe_to_suspend   71041a90 f   instrument.obj
 0001:00040ab0       _dr_mark_trace_head        71041ab0 f   instrument.obj
 0001:00040b90       _dr_max_opnd_accessible_spill_slot 71041b90 f   instrument.obj
 0001:00040bb0       _dr_mcontext_xmm_fields_valid 71041bb0 f   instrument.obj
 0001:00040bc0       _dr_mcontext_zmm_fields_valid 71041bc0 f   instrument.obj
 0001:00040bd0       _dr_memory_is_dr_internal  71041bd0 f   instrument.obj
 0001:00040be0       _dr_memory_is_in_client    71041be0 f   instrument.obj
 0001:00040c40       _dr_memory_is_readable     71041c40 f   instrument.obj
 0001:00040c40       _is_readable_without_exception_query_os 71041c40 f   os.obj
 0001:00040c40       _is_readable_without_exception_query_os_noblock 71041c40 f   os.obj
 0001:00040c50       _dr_memory_protect         71041c50 f   instrument.obj
 0001:00040cb0       _dr_merge_arith_flags      71041cb0 f   instrument.obj
 0001:00040ce0       _dr_messagebox             71041ce0 f   instrument.obj
 0001:00040db0       _dr_modload_hook_exists    71041db0 f   instrument.obj
 0001:00040dc0       _dr_mutex_create           71041dc0 f   instrument.obj
 0001:00040df0       _dr_mutex_destroy          71041df0 f   instrument.obj
 0001:00040e10       _dr_mutex_lock             71041e10 f   instrument.obj
 0001:00040e80       _dr_recurlock_mark_as_app  71041e80 f   instrument.obj
 0001:00040e80       _dr_mutex_mark_as_app      71041e80 f   instrument.obj
 0001:00040e80       _dr_rwlock_mark_as_app     71041e80 f   instrument.obj
 0001:00040ea0       _dr_mutex_trylock          71041ea0 f   instrument.obj
 0001:00040f20       _dr_mutex_unlock           71041f20 f   instrument.obj
 0001:00040f60       _dr_nonheap_alloc          71041f60 f   instrument.obj
 0001:00040f80       _dr_nonheap_free           71041f80 f   instrument.obj
 0001:00040fa0       _dr_nudge_client           71041fa0 f   instrument.obj
 0001:00040fd0       _dr_nudge_client_ex        71041fd0 f   instrument.obj
 0001:00041060       _dr_num_app_args           71042060 f   instrument.obj
 0001:00041070       _dr_open_file              71042070 f   instrument.obj
 0001:000410e0       _dr_page_size              710420e0 f   instrument.obj
 0001:000410f0       _dr_prepare_for_call       710420f0 f   instrument.obj
 0001:00041170       _dr_prepopulate_cache      71042170 f   instrument.obj
 0001:00041250       _dr_prepopulate_indirect_targets 71042250 f   instrument.obj
 0001:000412c0       _dr_print_instr            710422c0 f   instrument.obj
 0001:00041300       _dr_print_opnd             71042300 f   instrument.obj
 0001:00041350       _dr_printf                 71042350 f   instrument.obj
 0001:00041380       _dr_query_memory           71042380 f   instrument.obj
 0001:000413d0       _dr_query_memory_ex        710423d0 f   instrument.obj
 0001:00041400       _dr_raw_mem_alloc          71042400 f   instrument.obj
 0001:00041420       _dr_raw_mem_free           71042420 f   instrument.obj
 0001:000414a0       _dr_raw_tls_calloc         710424a0 f   instrument.obj
 0001:000414d0       _dr_raw_tls_cfree          710424d0 f   instrument.obj
 0001:000414f0       _dr_raw_tls_opnd           710424f0 f   instrument.obj
 0001:00041530       _dr_read_file              71042530 f   instrument.obj
 0001:00041540       _dr_read_saved_reg         71042540 f   instrument.obj
 0001:00041590       _dr_recurlock_create       71042590 f   instrument.obj
 0001:000415d0       _dr_recurlock_destroy      710425d0 f   instrument.obj
 0001:000415f0       _dr_recurlock_lock         710425f0 f   instrument.obj
 0001:00041600       _dr_recurlock_self_owns    71042600 f   instrument.obj
 0001:00041610       _dr_recurlock_trylock      71042610 f   instrument.obj
 0001:00041620       _dr_recurlock_unlock       71042620 f   instrument.obj
 0001:00041630       _dr_redirect_execution     71042630 f   instrument.obj
 0001:00041810       _dr_redirect_native_target 71042810 f   instrument.obj
 0001:00041820       _dr_reg_spill_slot_opnd    71042820 f   instrument.obj
 0001:00041890       _dr_register_bb_event      71042890 f   instrument.obj
 0001:000418b0       _dr_register_clean_call_insertion_event 710428b0 f   instrument.obj
 0001:000418d0       _dr_register_delete_event  710428d0 f   instrument.obj
 0001:000418f0       _dr_register_end_trace_event 710428f0 f   instrument.obj
 0001:00041910       _dr_register_exception_event 71042910 f   instrument.obj
 0001:00041930       _dr_register_exit_event    71042930 f   instrument.obj
 0001:00041950       _dr_register_filter_syscall_event 71042950 f   instrument.obj
 0001:00041970       _dr_register_kernel_xfer_event 71042970 f   instrument.obj
 0001:00041990       _dr_register_low_on_memory_event 71042990 f   instrument.obj
 0001:000419b0       _dr_register_module_load_event 710429b0 f   instrument.obj
 0001:000419d0       _dr_register_module_unload_event 710429d0 f   instrument.obj
 0001:000419f0       _dr_register_nudge_event   710429f0 f   instrument.obj
 0001:00041ae0       _dr_register_persist_patch 71042ae0 f   instrument.obj
 0001:00041b10       _dr_register_persist_ro    71042b10 f   instrument.obj
 0001:00041b60       _dr_register_persist_rw    71042b60 f   instrument.obj
 0001:00041bb0       _dr_register_persist_rx    71042bb0 f   instrument.obj
 0001:00041c00       _dr_register_post_syscall_event 71042c00 f   instrument.obj
 0001:00041c20       _dr_register_pre_syscall_event 71042c20 f   instrument.obj
 0001:00041c40       _dr_register_restore_state_event 71042c40 f   instrument.obj
 0001:00041c60       _dr_register_restore_state_ex_event 71042c60 f   instrument.obj
 0001:00041c80       _dr_register_thread_exit_event 71042c80 f   instrument.obj
 0001:00041ca0       _dr_register_thread_init_event 71042ca0 f   instrument.obj
 0001:00041cc0       _dr_register_trace_event   71042cc0 f   instrument.obj
 0001:00041ce0       _dr_rename_file            71042ce0 f   instrument.obj
 0001:00041cf0       _dr_replace_fragment       71042cf0 f   instrument.obj
 0001:00041e00       _dr_restore_app_stack      71042e00 f   instrument.obj
 0001:00041e60       _dr_restore_arith_flags    71042e60 f   instrument.obj
 0001:00041e90       _dr_restore_arith_flags_from_reg 71042e90 f   instrument.obj
 0001:00041f50       _dr_restore_arith_flags_from_xax 71042f50 f   instrument.obj
 0001:00041f70       _dr_restore_reg            71042f70 f   instrument.obj
 0001:00042060       _dr_resume_all_other_threads 71043060 f   instrument.obj
 0001:000420f0       _dr_retakeover_suspended_native_thread 710430f0 f   instrument.obj
 0001:00042450       _dr_rwlock_create          71043450 f   instrument.obj
 0001:000424b0       _dr_rwlock_destroy         710434b0 f   instrument.obj
 0001:000424d0       _dr_rwlock_read_lock       710434d0 f   instrument.obj
 0001:000424e0       _dr_rwlock_read_unlock     710434e0 f   instrument.obj
 0001:000424f0       _dr_rwlock_self_owns_write_lock 710434f0 f   instrument.obj
 0001:00042500       _dr_rwlock_write_lock      71043500 f   instrument.obj
 0001:00042510       _dr_rwlock_write_trylock   71043510 f   instrument.obj
 0001:00042520       _dr_rwlock_write_unlock    71043520 f   instrument.obj
 0001:00042530       _dr_safe_read              71043530 f   instrument.obj
 0001:00042540       _dr_safe_write             71043540 f   instrument.obj
 0001:00042550       _dr_save_arith_flags       71043550 f   instrument.obj
 0001:00042580       _dr_save_arith_flags_to_reg 71043580 f   instrument.obj
 0001:00042610       _dr_save_arith_flags_to_xax 71043610 f   instrument.obj
 0001:00042630       _dr_save_reg               71043630 f   instrument.obj
 0001:00042770       _dr_set_client_name        71043770 f   instrument.obj
 0001:000427a0       _dr_set_client_version_string 710437a0 f   instrument.obj
 0001:000427c0       _dr_set_mcontext           710437c0 f   instrument.obj
 0001:00042860       _dr_set_process_exit_behavior 71043860 f   instrument.obj
 0001:000428d0       _dr_set_random_seed        710438d0 f   instrument.obj
 0001:000428e0       _dr_set_tls_field          710438e0 f   instrument.obj
 0001:00042900       _dr_sleep                  71043900 f   instrument.obj
 0001:00042980       _dr_standalone_exit        71043980 f   instrument.obj
 0001:00042990       _dr_standalone_init        71043990 f   instrument.obj
 0001:000429a0       _dr_suspend_all_other_threads 710439a0 f   instrument.obj
 0001:000429c0       _dr_suspend_all_other_threads_ex 710439c0 f   instrument.obj
 0001:00042af0       _dr_swap_to_clean_stack    71043af0 f   instrument.obj
 0001:00042ba0       _dr_switch_to_app_state    71043ba0 f   instrument.obj
 0001:00042bc0       _dr_switch_to_app_state_ex 71043bc0 f   instrument.obj
 0001:00042be0       _dr_switch_to_dr_state     71043be0 f   instrument.obj
 0001:00042c00       _dr_switch_to_dr_state_ex  71043c00 f   instrument.obj
 0001:00042c20       _dr_thread_alloc           71043c20 f   instrument.obj
 0001:00042c30       _dr_thread_exit_hook_exists 71043c30 f   instrument.obj
 0001:00042c40       _dr_thread_free            71043c40 f   instrument.obj
 0001:00042c50       _dr_thread_yield           71043c50 f   instrument.obj
 0001:00042cc0       _dr_trace_exists_at        71043cc0 f   instrument.obj
 0001:00042d10       _dr_trace_head_at          71043d10 f   instrument.obj
 0001:00042d70       _dr_trace_hook_exists      71043d70 f   instrument.obj
 0001:00042d80       _dr_track_where_am_i       71043d80 f   instrument.obj
 0001:00042d90       _dr_try_setup              71043d90 f   instrument.obj
 0001:00042dc0       _dr_try_stop               71043dc0 f   instrument.obj
 0001:00042df0       _dr_unlink_flush_region    71043df0 f   instrument.obj
 0001:00042e50       _dr_unload_aux_library     71043e50 f   instrument.obj
 0001:00042f10       _dr_unload_aux_x64_library 71043f10 f   instrument.obj
 0001:00042f40       _dr_unmap_executable_file  71043f40 f   instrument.obj
 0001:00042f60       _dr_unmap_file             71043f60 f   instrument.obj
 0001:00042ff0       _dr_unregister_bb_event    71043ff0 f   instrument.obj
 0001:000430b0       _dr_unregister_clean_call_insertion_event 710440b0 f   instrument.obj
 0001:00043170       _dr_unregister_delete_event 71044170 f   instrument.obj
 0001:00043230       _dr_unregister_end_trace_event 71044230 f   instrument.obj
 0001:000432f0       _dr_unregister_exception_event 710442f0 f   instrument.obj
 0001:000433b0       _dr_unregister_exit_event  710443b0 f   instrument.obj
 0001:00043470       _dr_unregister_filter_syscall_event 71044470 f   instrument.obj
 0001:00043530       _dr_unregister_kernel_xfer_event 71044530 f   instrument.obj
 0001:000435f0       _dr_unregister_low_on_memory_event 710445f0 f   instrument.obj
 0001:000436b0       _dr_unregister_module_load_event 710446b0 f   instrument.obj
 0001:00043770       _dr_unregister_module_unload_event 71044770 f   instrument.obj
 0001:00043830       _dr_unregister_nudge_event 71044830 f   instrument.obj
 0001:000438e0       _dr_unregister_persist_patch 710448e0 f   instrument.obj
 0001:000439a0       _dr_unregister_persist_ro  710449a0 f   instrument.obj
 0001:00043a20       _dr_unregister_persist_rw  71044a20 f   instrument.obj
 0001:00043aa0       _dr_unregister_persist_rx  71044aa0 f   instrument.obj
 0001:00043b20       _dr_unregister_post_syscall_event 71044b20 f   instrument.obj
 0001:00043be0       _dr_unregister_pre_syscall_event 71044be0 f   instrument.obj
 0001:00043ca0       _dr_unregister_restore_state_event 71044ca0 f   instrument.obj
 0001:00043d60       _dr_unregister_restore_state_ex_event 71044d60 f   instrument.obj
 0001:00043e20       _dr_unregister_thread_exit_event 71044e20 f   instrument.obj
 0001:00043ee0       _dr_unregister_thread_init_event 71044ee0 f   instrument.obj
 0001:00043fa0       _dr_unregister_trace_event 71044fa0 f   instrument.obj
 0001:00044060       _dr_using_all_private_caches 71045060 f   instrument.obj
 0001:00044080       _dr_using_app_state        71045080 f   instrument.obj
 0001:00044090       _dr_using_console          71045090 f   instrument.obj
 0001:00044120       _dr_vfprintf               71045120 f   instrument.obj
 0001:00044180       _dr_vsnprintf              71045180 f   instrument.obj
 0001:00044190       _dr_vsnwprintf             71045190 f   instrument.obj
 0001:000441a0       _dr_where_am_i             710451a0 f   instrument.obj
[...]
      622    _instr_zeroes_zmmh
               exported name: instr_zeroes_zmmh
      623    _instrlist_append
               exported name: instrlist_append
      624    _instrlist_clear
               exported name: instrlist_clear
      625    _instrlist_clear_and_destroy
               exported name: instrlist_clear_and_destroy
      626    _instrlist_clone
               exported name: instrlist_clone
      627    _instrlist_create
               exported name: instrlist_create
      628    _instrlist_cut
               exported name: instrlist_cut
      629    _instrlist_destroy
               exported name: instrlist_destroy
      630    _instrlist_disassemble
               exported name: instrlist_disassemble
      631    _instrlist_encode
               exported name: instrlist_encode
      632    _instrlist_encode_to_copy
               exported name: instrlist_encode_to_copy
      633    _instrlist_first
               exported name: instrlist_first
      634    _instrlist_first_app
               exported name: instrlist_first_app
      635    _instrlist_first_nonlabel
               exported name: instrlist_first_nonlabel
      636    _instrlist_get_auto_predicate
               exported name: instrlist_get_auto_predicate
      637    _instrlist_get_translation_target
               exported name: instrlist_get_translation_target
      638    _instrlist_init
               exported name: instrlist_init
      639    _instrlist_insert_mov_immed_ptrsz
               exported name: instrlist_insert_mov_immed_ptrsz
      640    _instrlist_insert_mov_instr_addr
               exported name: instrlist_insert_mov_instr_addr
      641    _instrlist_insert_push_immed_ptrsz
               exported name: instrlist_insert_push_immed_ptrsz
      642    _instrlist_insert_push_instr_addr
               exported name: instrlist_insert_push_instr_addr
      643    _instrlist_last
               exported name: instrlist_last
      644    _instrlist_last_app
               exported name: instrlist_last_app
      645    _instrlist_meta_append
               exported name: instrlist_meta_append
      646    _instrlist_meta_fault_append
               exported name: instrlist_meta_fault_append
      647    _instrlist_meta_fault_postinsert
               exported name: instrlist_meta_fault_postinsert
      648    _instrlist_meta_fault_preinsert
               exported name: instrlist_meta_fault_preinsert
      649    _instrlist_meta_postinsert
               exported name: instrlist_meta_postinsert
      650    _instrlist_meta_preinsert
               exported name: instrlist_meta_preinsert
      651    _instrlist_postinsert
               exported name: instrlist_postinsert
      652    _instrlist_preinsert
               exported name: instrlist_preinsert
      653    _instrlist_prepend
               exported name: instrlist_prepend
      654    _instrlist_remove
               exported name: instrlist_remove
      655    _instrlist_replace
               exported name: instrlist_replace
      656    _instrlist_set_auto_predicate
               exported name: instrlist_set_auto_predicate
      657    _instrlist_set_fall_through_target
               exported name: instrlist_set_fall_through_target
      658    _instrlist_set_return_target
               exported name: instrlist_set_return_target
      659    _instrlist_set_translation_target
               exported name: instrlist_set_translation_target
      660    Forwarded to NTDLL.isalnum
               exported name: isalnum
      661    Forwarded to NTDLL.isalpha
               exported name: isalpha
      662    Forwarded to NTDLL.iscntrl
               exported name: iscntrl
      663    Forwarded to NTDLL.isdigit
               exported name: isdigit
      664    Forwarded to NTDLL.isgraph
               exported name: isgraph
      665    Forwarded to NTDLL.islower
               exported name: islower
      666    Forwarded to NTDLL.isprint
               exported name: isprint
      667    Forwarded to NTDLL.ispunct
               exported name: ispunct
      668    Forwarded to NTDLL.isspace
               exported name: isspace
      669    Forwarded to NTDLL.isupper
               exported name: isupper
      670    Forwarded to NTDLL.iswalpha
               exported name: iswalpha
      671    Forwarded to NTDLL.iswctype
               exported name: iswctype
      672    Forwarded to NTDLL.iswdigit
               exported name: iswdigit
      673    Forwarded to NTDLL.iswlower
               exported name: iswlower
      674    Forwarded to NTDLL.iswspace
               exported name: iswspace
      675    Forwarded to NTDLL.iswxdigit
               exported name: iswxdigit
      676    Forwarded to NTDLL.isxdigit
               exported name: isxdigit
      677    Forwarded to NTDLL.labs
               exported name: labs
      678    Forwarded to NTDLL.log
               exported name: log
      679    Forwarded to NTDLL.mbstowcs
               exported name: mbstowcs
      680    Forwarded to NTDLL.memchr
               exported name: memchr
      681    Forwarded to NTDLL.memcmp
               exported name: memcmp
      682    Forwarded to NTDLL.memcpy
               exported name: memcpy
      683    Forwarded to NTDLL.memmove
               exported name: memmove
      684    Forwarded to NTDLL.memset
               exported name: memset
      685    _opnd_add_flags
               exported name: opnd_add_flags
      686    _opnd_compute_address
               exported name: opnd_compute_address
      687    _opnd_create_abs_addr
               exported name: opnd_create_abs_addr
      688    _opnd_create_base_disp
               exported name: opnd_create_base_disp
      689    _opnd_create_base_disp_ex
               exported name: opnd_create_base_disp_ex
      690    _opnd_create_far_abs_addr
               exported name: opnd_create_far_abs_addr
      691    _opnd_create_far_base_disp
               exported name: opnd_create_far_base_disp
      692    _opnd_create_far_base_disp_ex
               exported name: opnd_create_far_base_disp_ex
      693    _opnd_create_far_instr
               exported name: opnd_create_far_instr
      694    _opnd_create_far_pc
               exported name: opnd_create_far_pc
      695    _opnd_create_immed_float
               exported name: opnd_create_immed_float
      696    _opnd_create_immed_int
               exported name: opnd_create_immed_int
      697    _opnd_create_immed_int64
               exported name: opnd_create_immed_int64
      698    _opnd_create_immed_uint
               exported name: opnd_create_immed_uint
      699    _opnd_create_instr
               exported name: opnd_create_instr
      700    _opnd_create_instr_ex
               exported name: opnd_create_instr_ex
      701    _opnd_create_mem_instr
               exported name: opnd_create_mem_instr
      702    _opnd_create_null
               exported name: opnd_create_null
      703    _opnd_create_pc
               exported name: opnd_create_pc
      704    _opnd_create_reg
               exported name: opnd_create_reg
      705    _opnd_create_reg_ex
               exported name: opnd_create_reg_ex
      706    _opnd_create_reg_partial
               exported name: opnd_create_reg_partial
      707    _opnd_defines_use
               exported name: opnd_defines_use
      708    _opnd_disassemble
               exported name: opnd_disassemble
      709    _opnd_disassemble_to_buffer
               exported name: opnd_disassemble_to_buffer
      710    _opnd_get_addr
               exported name: opnd_get_addr
      711    _opnd_get_base
               exported name: opnd_get_base
      712    _opnd_get_disp
               exported name: opnd_get_disp
      713    _opnd_get_flags
               exported name: opnd_get_flags
      714    _opnd_get_immed_float
               exported name: opnd_get_immed_float
      715    _opnd_get_immed_int
               exported name: opnd_get_immed_int
      716    _opnd_get_immed_int64
               exported name: opnd_get_immed_int64
      717    _opnd_get_index
               exported name: opnd_get_index
      718    _opnd_get_instr
               exported name: opnd_get_instr
      719    _opnd_get_mem_instr_disp
               exported name: opnd_get_mem_instr_disp
      720    _opnd_get_pc
               exported name: opnd_get_pc
      721    _opnd_get_reg
               exported name: opnd_get_reg
      722    _opnd_get_reg_used
               exported name: opnd_get_reg_used
      723    _opnd_get_scale
               exported name: opnd_get_scale
      724    _opnd_get_segment
               exported name: opnd_get_segment
      725    _opnd_get_segment_selector
               exported name: opnd_get_segment_selector
      726    _opnd_get_shift
               exported name: opnd_get_shift
      727    _opnd_get_size
               exported name: opnd_get_size
      728    _opnd_is_abs_addr
               exported name: opnd_is_abs_addr
      729    _opnd_is_base_disp
               exported name: opnd_is_base_disp
      730    _opnd_is_disp_encode_zero
               exported name: opnd_is_disp_encode_zero
      731    _opnd_is_disp_force_full
               exported name: opnd_is_disp_force_full
      732    _opnd_is_disp_short_addr
               exported name: opnd_is_disp_short_addr
      733    _opnd_is_far_abs_addr
               exported name: opnd_is_far_abs_addr
      734    _opnd_is_far_base_disp
               exported name: opnd_is_far_base_disp
      735    _opnd_is_far_instr
               exported name: opnd_is_far_instr
      736    _opnd_is_far_memory_reference
               exported name: opnd_is_far_memory_reference
      737    _opnd_is_far_pc
               exported name: opnd_is_far_pc
      738    _opnd_is_immed
               exported name: opnd_is_immed
      739    _opnd_is_immed_float
               exported name: opnd_is_immed_float
      740    _opnd_is_immed_int
               exported name: opnd_is_immed_int
      741    _opnd_is_immed_int64
               exported name: opnd_is_immed_int64
      742    _opnd_is_instr
               exported name: opnd_is_instr
      743    _opnd_is_mem_instr
               exported name: opnd_is_mem_instr
      744    _opnd_is_memory_reference
               exported name: opnd_is_memory_reference
      745    _opnd_is_near_abs_addr
               exported name: opnd_is_near_abs_addr
      746    _opnd_is_near_base_disp
               exported name: opnd_is_near_base_disp
      747    _opnd_is_near_instr
               exported name: opnd_is_near_instr
      748    _opnd_is_near_memory_reference
               exported name: opnd_is_near_memory_reference
      749    _opnd_is_near_pc
               exported name: opnd_is_near_pc
      750    _opnd_is_null
               exported name: opnd_is_null
      751    _opnd_is_pc
               exported name: opnd_is_pc
      752    _opnd_is_reg
               exported name: opnd_is_reg
      753    _opnd_is_reg_32bit
               exported name: opnd_is_reg_32bit
      754    _opnd_is_reg_64bit
               exported name: opnd_is_reg_64bit
      755    _opnd_is_reg_partial
               exported name: opnd_is_reg_partial
      756    _opnd_is_reg_pointer_sized
               exported name: opnd_is_reg_pointer_sized
      757    _opnd_is_vsib
               exported name: opnd_is_vsib
      758    _opnd_num_regs_used
               exported name: opnd_num_regs_used
      759    _opnd_replace_reg
               exported name: opnd_replace_reg
      760    _opnd_replace_reg_resize
               exported name: opnd_replace_reg_resize
      761    _opnd_same
               exported name: opnd_same
      762    _opnd_same_address
               exported name: opnd_same_address
      763    _opnd_set_disp
               exported name: opnd_set_disp
      764    _opnd_set_disp_ex
               exported name: opnd_set_disp_ex
      765    _opnd_set_flags
               exported name: opnd_set_flags
      766    _opnd_set_size
               exported name: opnd_set_size
      767    _opnd_share_reg
               exported name: opnd_share_reg
      768    _opnd_shrink_to_16_bits
               exported name: opnd_shrink_to_16_bits
      769    _opnd_size_from_bytes
               exported name: opnd_size_from_bytes
      770    _opnd_size_in_bits
               exported name: opnd_size_in_bits
      771    _opnd_size_in_bytes
               exported name: opnd_size_in_bytes
      772    _opnd_uses_reg
               exported name: opnd_uses_reg
      773    Forwarded to NTDLL.pow
               exported name: pow
      774    _proc_avx512_enabled
               exported name: proc_avx512_enabled
      775    _proc_avx_enabled
               exported name: proc_avx_enabled
      776    _proc_bump_to_end_of_cache_line
               exported name: proc_bump_to_end_of_cache_line
      777    _proc_fpstate_save_size
               exported name: proc_fpstate_save_size
      778    _proc_get_L1_dcache_size
               exported name: proc_get_L1_dcache_size
      779    _proc_get_L1_icache_size
               exported name: proc_get_L1_icache_size
      780    _proc_get_L2_cache_size
               exported name: proc_get_L2_cache_size
      781    _proc_get_all_feature_bits
               exported name: proc_get_all_feature_bits
      782    _proc_get_brand_string
               exported name: proc_get_brand_string
      783    _proc_get_cache_line_size
               exported name: proc_get_cache_line_size
      784    _proc_get_cache_size_str
               exported name: proc_get_cache_size_str
      785    _proc_get_containing_page
               exported name: proc_get_containing_page
      786    _proc_get_family
               exported name: proc_get_family
      787    _proc_get_model
               exported name: proc_get_model
      788    _proc_get_stepping
               exported name: proc_get_stepping
      789    _proc_get_type
               exported name: proc_get_type
      790    _proc_get_vendor
               exported name: proc_get_vendor
      791    _proc_has_feature
               exported name: proc_has_feature
      792    _proc_is_cache_aligned
               exported name: proc_is_cache_aligned
      793    _proc_num_opmask_registers
               exported name: proc_num_opmask_registers
      794    _proc_num_simd_registers
               exported name: proc_num_simd_registers
      795    _proc_num_simd_saved
               exported name: proc_num_simd_saved
      796    _proc_restore_fpstate
               exported name: proc_restore_fpstate
      797    _proc_save_fpstate
               exported name: proc_save_fpstate
      798    _proc_set_vendor
               exported name: proc_set_vendor
      799    Forwarded to NTDLL.qsort
               exported name: qsort
      800    _reg_32_to_16
               exported name: reg_32_to_16
      801    _reg_32_to_8
               exported name: reg_32_to_8
      802    _reg_32_to_opsz
               exported name: reg_32_to_opsz
      803    _reg_get_bits
               exported name: reg_get_bits
      804    _reg_get_size
               exported name: reg_get_size
      805    _reg_get_value
               exported name: reg_get_value
      806    _reg_get_value_ex
               exported name: reg_get_value_ex
      807    _reg_is_32bit
               exported name: reg_is_32bit
      808    _reg_is_64bit
               exported name: reg_is_64bit
      809    _reg_is_bnd
               exported name: reg_is_bnd
      810    _reg_is_fp
               exported name: reg_is_fp
      811    _reg_is_gpr
               exported name: reg_is_gpr
      812    _reg_is_mmx
               exported name: reg_is_mmx
      813    _reg_is_opmask
               exported name: reg_is_opmask
      814    _reg_is_pointer_sized
               exported name: reg_is_pointer_sized
      815    _reg_is_segment
               exported name: reg_is_segment
      816    _reg_is_simd
               exported name: reg_is_simd
      817    _reg_is_stolen
               exported name: reg_is_stolen
      818    _reg_is_strictly_xmm
               exported name: reg_is_strictly_xmm
      819    _reg_is_strictly_ymm
               exported name: reg_is_strictly_ymm
      820    _reg_is_strictly_zmm
               exported name: reg_is_strictly_zmm
      821    _reg_is_vector_simd
               exported name: reg_is_vector_simd
      822    _reg_is_xmm
               exported name: reg_is_xmm
      823    _reg_is_ymm
               exported name: reg_is_ymm
      824    _reg_overlap
               exported name: reg_overlap
      825    _reg_parameter_num
               exported name: reg_parameter_num
      826    _reg_resize_to_opsz
               exported name: reg_resize_to_opsz
      827    _reg_set_value
               exported name: reg_set_value
      828    _reg_set_value_ex
               exported name: reg_set_value_ex
      829    _reg_to_pointer_sized
               exported name: reg_to_pointer_sized
      830    Forwarded to NTDLL.sin
               exported name: sin
      831    Forwarded to NTDLL.sqrt
               exported name: sqrt
      832    Forwarded to NTDLL.strchr
               exported name: strchr
      833    Forwarded to NTDLL.strcmp
               exported name: strcmp
      834    Forwarded to NTDLL.strcspn
               exported name: strcspn
      835    Forwarded to NTDLL.strlen
               exported name: strlen
      836    Forwarded to NTDLL.strncat
               exported name: strncat
      837    Forwarded to NTDLL.strncmp
               exported name: strncmp
      838    Forwarded to NTDLL.strncpy
               exported name: strncpy
      839    Forwarded to NTDLL.strpbrk
               exported name: strpbrk
      840    Forwarded to NTDLL.strrchr
               exported name: strrchr
      841    Forwarded to NTDLL.strspn
               exported name: strspn
      842    Forwarded to NTDLL.strstr
               exported name: strstr
      843    Forwarded to NTDLL.strtol
               exported name: strtol
      844    Forwarded to NTDLL.strtoul
               exported name: strtoul
      845    Forwarded to NTDLL.tan
               exported name: tan
      846    Forwarded to NTDLL.tolower
               exported name: tolower
      847    Forwarded to NTDLL.toupper
               exported name: toupper
      848    Forwarded to NTDLL.towlower
               exported name: towlower
      849    Forwarded to NTDLL.towupper
               exported name: towupper
      850    _unique_build_number
               exported name: unique_build_number
      851    Forwarded to NTDLL.wcscat
               exported name: wcscat
      852    Forwarded to NTDLL.wcschr
               exported name: wcschr
      853    Forwarded to NTDLL.wcscmp
               exported name: wcscmp
      854    Forwarded to NTDLL.wcscpy
               exported name: wcscpy
      855    Forwarded to NTDLL.wcscspn
               exported name: wcscspn
      856    Forwarded to NTDLL.wcslen
               exported name: wcslen
      857    Forwarded to NTDLL.wcsncat
               exported name: wcsncat
      858    Forwarded to NTDLL.wcsncmp
               exported name: wcsncmp
      859    Forwarded to NTDLL.wcsncpy
               exported name: wcsncpy
      860    Forwarded to NTDLL.wcspbrk
               exported name: wcspbrk
      861    Forwarded to NTDLL.wcsrchr
               exported name: wcsrchr
      862    Forwarded to NTDLL.wcsspn
               exported name: wcsspn
      863    Forwarded to NTDLL.wcsstr
               exported name: wcsstr
      864    Forwarded to NTDLL.wcstol
               exported name: wcstol
      865    Forwarded to NTDLL.wcstombs
               exported name: wcstombs
      866    Forwarded to NTDLL.wcstoul
               exported name: wcstoul
